Component: ARM Compiler 5.06 update 4 (build 422) Tool: armlink [4d35d2]

==============================================================================

Section Cross References

    startup_stm32f10x_md.o(STACK) refers (Special) to heapauxi.o(.text) for __use_two_region_memory
    startup_stm32f10x_md.o(HEAP) refers (Special) to heapauxi.o(.text) for __use_two_region_memory
    startup_stm32f10x_md.o(RESET) refers (Special) to heapauxi.o(.text) for __use_two_region_memory
    startup_stm32f10x_md.o(RESET) refers to startup_stm32f10x_md.o(STACK) for __initial_sp
    startup_stm32f10x_md.o(RESET) refers to startup_stm32f10x_md.o(.text) for Reset_Handler
    startup_stm32f10x_md.o(RESET) refers to stm32f10x_it.o(i.NMI_Handler) for NMI_Handler
    startup_stm32f10x_md.o(RESET) refers to stm32f10x_it.o(i.HardFault_Handler) for HardFault_Handler
    startup_stm32f10x_md.o(RESET) refers to stm32f10x_it.o(i.MemManage_Handler) for MemManage_Handler
    startup_stm32f10x_md.o(RESET) refers to stm32f10x_it.o(i.BusFault_Handler) for BusFault_Handler
    startup_stm32f10x_md.o(RESET) refers to stm32f10x_it.o(i.UsageFault_Handler) for UsageFault_Handler
    startup_stm32f10x_md.o(RESET) refers to stm32f10x_it.o(i.SVC_Handler) for SVC_Handler
    startup_stm32f10x_md.o(RESET) refers to stm32f10x_it.o(i.DebugMon_Handler) for DebugMon_Handler
    startup_stm32f10x_md.o(RESET) refers to stm32f10x_it.o(i.PendSV_Handler) for PendSV_Handler
    startup_stm32f10x_md.o(RESET) refers to stm32f10x_it.o(i.SysTick_Handler) for SysTick_Handler
    startup_stm32f10x_md.o(RESET) refers to stm32f10x_it.o(i.USART2_IRQHandler) for USART2_IRQHandler
    startup_stm32f10x_md.o(.text) refers (Special) to heapauxi.o(.text) for __use_two_region_memory
    startup_stm32f10x_md.o(.text) refers to system_stm32f10x.o(i.SystemInit) for SystemInit
    startup_stm32f10x_md.o(.text) refers to __main.o(!!!main) for __main
    startup_stm32f10x_md.o(.text) refers to startup_stm32f10x_md.o(HEAP) for Heap_Mem
    startup_stm32f10x_md.o(.text) refers to startup_stm32f10x_md.o(STACK) for Stack_Mem
    system_stm32f10x.o(i.SetSysClock) refers to system_stm32f10x.o(i.SetSysClockTo72) for SetSysClockTo72
    system_stm32f10x.o(i.SystemCoreClockUpdate) refers to system_stm32f10x.o(.data) for SystemCoreClock
    system_stm32f10x.o(i.SystemInit) refers to system_stm32f10x.o(i.SetSysClock) for SetSysClock
    stm32f10x_adc.o(i.ADC_DeInit) refers to stm32f10x_rcc.o(i.RCC_APB2PeriphResetCmd) for RCC_APB2PeriphResetCmd
    stm32f10x_bkp.o(i.BKP_DeInit) refers to stm32f10x_rcc.o(i.RCC_BackupResetCmd) for RCC_BackupResetCmd
    stm32f10x_can.o(i.CAN_DeInit) refers to stm32f10x_rcc.o(i.RCC_APB1PeriphResetCmd) for RCC_APB1PeriphResetCmd
    stm32f10x_can.o(i.CAN_GetITStatus) refers to stm32f10x_can.o(i.CheckITStatus) for CheckITStatus
    stm32f10x_cec.o(i.CEC_DeInit) refers to stm32f10x_rcc.o(i.RCC_APB1PeriphResetCmd) for RCC_APB1PeriphResetCmd
    stm32f10x_dac.o(i.DAC_DeInit) refers to stm32f10x_rcc.o(i.RCC_APB1PeriphResetCmd) for RCC_APB1PeriphResetCmd
    stm32f10x_flash.o(i.FLASH_EnableWriteProtection) refers to stm32f10x_flash.o(i.FLASH_WaitForLastOperation) for FLASH_WaitForLastOperation
    stm32f10x_flash.o(i.FLASH_EraseAllBank1Pages) refers to stm32f10x_flash.o(i.FLASH_WaitForLastBank1Operation) for FLASH_WaitForLastBank1Operation
    stm32f10x_flash.o(i.FLASH_EraseAllPages) refers to stm32f10x_flash.o(i.FLASH_WaitForLastOperation) for FLASH_WaitForLastOperation
    stm32f10x_flash.o(i.FLASH_EraseOptionBytes) refers to stm32f10x_flash.o(i.FLASH_GetReadOutProtectionStatus) for FLASH_GetReadOutProtectionStatus
    stm32f10x_flash.o(i.FLASH_EraseOptionBytes) refers to stm32f10x_flash.o(i.FLASH_WaitForLastOperation) for FLASH_WaitForLastOperation
    stm32f10x_flash.o(i.FLASH_ErasePage) refers to stm32f10x_flash.o(i.FLASH_WaitForLastOperation) for FLASH_WaitForLastOperation
    stm32f10x_flash.o(i.FLASH_ProgramHalfWord) refers to stm32f10x_flash.o(i.FLASH_WaitForLastOperation) for FLASH_WaitForLastOperation
    stm32f10x_flash.o(i.FLASH_ProgramOptionByteData) refers to stm32f10x_flash.o(i.FLASH_WaitForLastOperation) for FLASH_WaitForLastOperation
    stm32f10x_flash.o(i.FLASH_ProgramWord) refers to stm32f10x_flash.o(i.FLASH_WaitForLastOperation) for FLASH_WaitForLastOperation
    stm32f10x_flash.o(i.FLASH_ReadOutProtection) refers to stm32f10x_flash.o(i.FLASH_WaitForLastOperation) for FLASH_WaitForLastOperation
    stm32f10x_flash.o(i.FLASH_UserOptionByteConfig) refers to stm32f10x_flash.o(i.FLASH_WaitForLastOperation) for FLASH_WaitForLastOperation
    stm32f10x_flash.o(i.FLASH_WaitForLastBank1Operation) refers to stm32f10x_flash.o(i.FLASH_GetBank1Status) for FLASH_GetBank1Status
    stm32f10x_flash.o(i.FLASH_WaitForLastOperation) refers to stm32f10x_flash.o(i.FLASH_GetBank1Status) for FLASH_GetBank1Status
    stm32f10x_gpio.o(i.GPIO_AFIODeInit) refers to stm32f10x_rcc.o(i.RCC_APB2PeriphResetCmd) for RCC_APB2PeriphResetCmd
[...]
    ../clib/printf.c                         0x00000000   Number         0  _printf_str.o ABSOLUTE
    ../clib/printf.c                         0x00000000   Number         0  _printf_pad.o ABSOLUTE
    ../clib/printf.c                         0x00000000   Number         0  __printf.o ABSOLUTE
    ../clib/printf.c                         0x00000000   Number         0  noretval__2sprintf.o ABSOLUTE
    ../clib/printf.c                         0x00000000   Number         0  noretval__2printf.o ABSOLUTE
    ../clib/printf.c                         0x00000000   Number         0  __2snprintf.o ABSOLUTE
    ../clib/printf.c                         0x00000000   Number         0  __2sprintf.o ABSOLUTE
    ../clib/printf.c                         0x00000000   Number         0  __2printf.o ABSOLUTE
    ../clib/printf.c                         0x00000000   Number         0  _printf_char_file.o ABSOLUTE
    ../clib/printf.c                         0x00000000   Number         0  _printf_char.o ABSOLUTE
    ../clib/printf_percent.s                 0x00000000   Number         0  _printf_percent_end.o ABSOLUTE
    ../clib/printf_percent.s                 0x00000000   Number         0  _printf_u.o ABSOLUTE
    ../clib/printf_percent.s                 0x00000000   Number         0  _printf_c.o ABSOLUTE
    ../clib/printf_percent.s                 0x00000000   Number         0  _printf_s.o ABSOLUTE
    ../clib/printf_percent.s                 0x00000000   Number         0  _printf_percent.o ABSOLUTE
    ../clib/scanf.c                          0x00000000   Number         0  strtoul.o ABSOLUTE
    ../clib/scanf.c                          0x00000000   Number         0  _chval.o ABSOLUTE
    ../clib/scanf.c                          0x00000000   Number         0  _strtoul.o ABSOLUTE
    ../clib/signal.c                         0x00000000   Number         0  defsig_stak_inner.o ABSOLUTE
    ../clib/signal.c                         0x00000000   Number         0  defsig_pvfn_inner.o ABSOLUTE
    ../clib/signal.c                         0x00000000   Number         0  defsig_segv_inner.o ABSOLUTE
    ../clib/signal.c                         0x00000000   Number         0  defsig_other.o ABSOLUTE
    ../clib/signal.c                         0x00000000   Number         0  defsig_rtmem_outer.o ABSOLUTE
    ../clib/signal.c                         0x00000000   Number         0  defsig_rtmem_formal.o ABSOLUTE
    ../clib/signal.c                         0x00000000   Number         0  defsig_cppl_inner.o ABSOLUTE
    ../clib/signal.c                         0x00000000   Number         0  defsig_exit.o ABSOLUTE
    ../clib/signal.c                         0x00000000   Number         0  defsig_rtmem_inner.o ABSOLUTE
    ../clib/signal.c                         0x00000000   Number         0  __raise.o ABSOLUTE
    ../clib/signal.c                         0x00000000   Number         0  defsig_general.o ABSOLUTE
    ../clib/signal.c                         0x00000000   Number         0  defsig_abrt_inner.o ABSOLUTE
    ../clib/signal.c                         0x00000000   Number         0  defsig_fpe_inner.o ABSOLUTE
    ../clib/signal.c                         0x00000000   Number         0  defsig_rtred_inner.o ABSOLUTE
    ../clib/signal.s                         0x00000000   Number         0  defsig.o ABSOLUTE
    ../clib/stdio.c                          0x00000000   Number         0  ferror_locked.o ABSOLUTE
    ../clib/stdio.c                          0x00000000   Number         0  ferror.o ABSOLUTE
    ../clib/stdlib.c                         0x00000000   Number         0  exit.o ABSOLUTE
    ../clib/string.c                         0x00000000   Number         0  strstr.o ABSOLUTE
    ../clib/string.c                         0x00000000   Number         0  strlen.o ABSOLUTE
    ../clib/string.c                         0x00000000   Number         0  strcpy.o ABSOLUTE
    ../fplib/fpinit.s                        0x00000000   Number         0  fpinit.o ABSOLUTE
    Delay\Delay.c                            0x00000000   Number         0  delay.o ABSOLUTE
    Hardware\LockerCloud.c                   0x00000000   Number         0  lockercloud.o ABSOLUTE
    Hardware\OLED.c                          0x00000000   Number         0  oled.o ABSOLUTE
    Hardware\Relay.c                         0x00000000   Number         0  relay.o ABSOLUTE
    Hardware\Serial.c                        0x00000000   Number         0  serial.o ABSOLUTE
    Hardware\TTP229.c                        0x00000000   Number         0  ttp229.o ABSOLUTE
    Hardware\USART1.c                        0x00000000   Number         0  usart1.o ABSOLUTE
    Hardware\USART2.c                        0x00000000   Number         0  usart2.o ABSOLUTE
    Librarys\misc.c                          0x00000000   Number         0  misc.o ABSOLUTE
    Librarys\stm32f10x_adc.c                 0x00000000   Number         0  stm32f10x_adc.o ABSOLUTE
    Librarys\stm32f10x_bkp.c                 0x00000000   Number         0  stm32f10x_bkp.o ABSOLUTE
    Librarys\stm32f10x_can.c                 0x00000000   Number         0  stm32f10x_can.o ABSOLUTE
    Librarys\stm32f10x_cec.c                 0x00000000   Number         0  stm32f10x_cec.o ABSOLUTE
    Librarys\stm32f10x_crc.c                 0x00000000   Number         0  stm32f10x_crc.o ABSOLUTE
    Librarys\stm32f10x_dac.c                 0x00000000   Number         0  stm32f10x_dac.o ABSOLUTE
    Librarys\stm32f10x_dbgmcu.c              0x00000000   Number         0  stm32f10x_dbgmcu.o ABSOLUTE
    Librarys\stm32f10x_dma.c                 0x00000000   Number         0  stm32f10x_dma.o ABSOLUTE
    Librarys\stm32f10x_exti.c                0x00000000   Number         0  stm32f10x_exti.o ABSOLUTE
    Librarys\stm32f10x_flash.c               0x00000000   Number         0  stm32f10x_flash.o ABSOLUTE
    Librarys\stm32f10x_fsmc.c                0x00000000   Number         0  stm32f10x_fsmc.o ABSOLUTE
    Librarys\stm32f10x_gpio.c                0x00000000   Number         0  stm32f10x_gpio.o ABSOLUTE
    Librarys\stm32f10x_i2c.c                 0x00000000   Number         0  stm32f10x_i2c.o ABSOLUTE
    Librarys\stm32f10x_iwdg.c                0x00000000   Number         0  stm32f10x_iwdg.o ABSOLUTE
    Librarys\stm32f10x_pwr.c                 0x00000000   Number         0  stm32f10x_pwr.o ABSOLUTE
    Librarys\stm32f10x_rcc.c                 0x00000000   Number         0  stm32f10x_rcc.o ABSOLUTE
    Librarys\stm32f10x_rtc.c                 0x00000000   Number         0  stm32f10x_rtc.o ABSOLUTE
    Librarys\stm32f10x_sdio.c                0x00000000   Number         0  stm32f10x_sdio.o ABSOLUTE
    Librarys\stm32f10x_spi.c                 0x00000000   Number         0  stm32f10x_spi.o ABSOLUTE
    Librarys\stm32f10x_tim.c                 0x00000000   Number         0  stm32f10x_tim.o ABSOLUTE
    Librarys\stm32f10x_usart.c               0x00000000   Number         0  stm32f10x_usart.o ABSOLUTE
    Librarys\stm32f10x_wwdg.c                0x00000000   Number         0  stm32f10x_wwdg.o ABSOLUTE
    Start\\core_cm3.c                        0x00000000   Number         0  core_cm3.o ABSOLUTE
    Start\core_cm3.c                         0x00000000   Number         0  core_cm3.o ABSOLUTE
    Start\startup_stm32f10x_md.s             0x00000000   Number         0  startup_stm32f10x_md.o ABSOLUTE
    Start\system_stm32f10x.c                 0x00000000   Number         0  system_stm32f10x.o ABSOLUTE
    User\main.c                              0x00000000   Number         0  main.o ABSOLUTE
    User\stm32f10x_it.c                      0x00000000   Number         0  stm32f10x_it.o ABSOLUTE
    dc.s                                     0x00000000   Number         0  dc.o ABSOLUTE
    RESET                                    0x08000000   Section      236  startup_stm32f10x_md.o(RESET)
    !!!main                                  0x080000ec   Section        8  __main.o(!!!main)
    !!!scatter                               0x080000f4   Section       52  __scatter.o(!!!scatter)
    !!handler_copy                           0x08000128   Section       26  __scatter_copy.o(!!handler_copy)
    !!handler_zi                             0x08000144   Section       28  __scatter_zi.o(!!handler_zi)
    .ARM.Collect$$_printf_percent$$00000000  0x08000160   Section        0  _printf_percent.o(.ARM.Collect$$_printf_percent$$00000000)
    .ARM.Collect$$_printf_percent$$0000000A  0x08000160   Section        6  _printf_u.o(.ARM.Collect$$_printf_percent$$0000000A)
    .ARM.Collect$$_printf_percent$$00000013  0x08000166   Section        6  _printf_c.o(.ARM.Collect$$_printf_percent$$00000013)
    .ARM.Collect$$_printf_percent$$00000014  0x0800016c   Section        6  _printf_s.o(.ARM.Collect$$_printf_percent$$00000014)
    .ARM.Collect$$_printf_percent$$00000017  0x08000172   Section        4  _printf_percent_end.o(.ARM.Collect$$_printf_percent$$00000017)
    .ARM.Collect$$libinit$$00000000          0x08000176   Section        2  libinit.o(.ARM.Collect$$libinit$$00000000)
    .ARM.Collect$$libinit$$00000002          0x08000178   Section        0  libinit2.o(.ARM.Collect$$libinit$$00000002)
    .ARM.Collect$$libinit$$00000004          0x08000178   Section        0  libinit2.o(.ARM.Collect$$libinit$$00000004)
    .ARM.Collect$$libinit$$0000000A          0x08000178   Section        0  libinit2.o(.ARM.Collect$$libinit$$0000000A)
    .ARM.Collect$$libinit$$0000000C          0x08000178   Section        0  libinit2.o(.ARM.Collect$$libinit$$0000000C)
    .ARM.Collect$$libinit$$0000000E          0x08000178   Section        0  libinit2.o(.ARM.Collect$$libinit$$0000000E)
    .ARM.Collect$$libinit$$0000000F          0x08000178   Section        6  libinit2.o(.ARM.Collect$$libinit$$0000000F)
    .ARM.Collect$$libinit$$00000011          0x0800017e   Section        0  libinit2.o(.ARM.Collect$$libinit$$00000011)
    .ARM.Collect$$libinit$$00000012          0x0800017e   Section       12  libinit2.o(.ARM.Collect$$libinit$$00000012)
    .ARM.Collect$$libinit$$00000013          0x0800018a   Section        0  libinit2.o(.ARM.Collect$$libinit$$00000013)
    .ARM.Collect$$libinit$$00000015          0x0800018a   Section        0  libinit2.o(.ARM.Collect$$libinit$$00000015)
    .ARM.Collect$$libinit$$00000017          0x0800018a   Section        0  libinit2.o(.ARM.Collect$$libinit$$00000017)
    .ARM.Collect$$libinit$$00000019          0x0800018a   Section        0  libinit2.o(.ARM.Collect$$libinit$$00000019)
    .ARM.Collect$$libinit$$0000001B          0x0800018a   Section        0  libinit2.o(.ARM.Collect$$libinit$$0000001B)
    .ARM.Collect$$libinit$$0000001D          0x0800018a   Section        0  libinit2.o(.ARM.Collect$$libinit$$0000001D)
    .ARM.Collect$$libinit$$0000001F          0x0800018a   Section        0  libinit2.o(.ARM.Collect$$libinit$$0000001F)
    .ARM.Collect$$libinit$$00000021          0x0800018a   Section        0  libinit2.o(.ARM.Collect$$libinit$$00000021)
    .ARM.Collect$$libinit$$00000023          0x0800018a   Section        0  libinit2.o(.ARM.Collect$$libinit$$00000023)
    .ARM.Collect$$libinit$$00000025          0x0800018a   Section        0  libinit2.o(.ARM.Collect$$libinit$$00000025)
    .ARM.Collect$$libinit$$0000002C          0x0800018a   Section        0  libinit2.o(.ARM.Collect$$libinit$$0000002C)
    .ARM.Collect$$libinit$$0000002E          0x0800018a   Section        0  libinit2.o(.ARM.Collect$$libinit$$0000002E)
    .ARM.Collect$$libinit$$00000030          0x0800018a   Section        0  libinit2.o(.ARM.Collect$$libinit$$00000030)
    .ARM.Collect$$libinit$$00000032          0x0800018a   Section        0  libinit2.o(.ARM.Collect$$libinit$$00000032)
    .ARM.Collect$$libinit$$00000033          0x0800018a   Section        2  libinit2.o(.ARM.Collect$$libinit$$00000033)
    .ARM.Collect$$libshutdown$$00000000      0x0800018c   Section        2  libshutdown.o(.ARM.Collect$$libshutdown$$00000000)
    .ARM.Collect$$libshutdown$$00000002      0x0800018e   Section        0  libshutdown2.o(.ARM.Collect$$libshutdown$$00000002)
    .ARM.Collect$$libshutdown$$00000004      0x0800018e   Section        0  libshutdown2.o(.ARM.Collect$$libshutdown$$00000004)
    .ARM.Collect$$libshutdown$$00000007      0x0800018e   Section        0  libshutdown2.o(.ARM.Collect$$libshutdown$$00000007)
    .ARM.Collect$$libshutdown$$0000000A      0x0800018e   Section        0  libshutdown2.o(.ARM.Collect$$libshutdown$$0000000A)
    .ARM.Collect$$libshutdown$$0000000C      0x0800018e   Section        0  libshutdown2.o(.ARM.Collect$$libshutdown$$0000000C)
    .ARM.Collect$$libshutdown$$0000000F      0x0800018e   Section        0  libshutdown2.o(.ARM.Collect$$libshutdown$$0000000F)
    .ARM.Collect$$libshutdown$$00000010      0x0800018e   Section        2  libshutdown2.o(.ARM.Collect$$libshutdown$$00000010)
    .ARM.Collect$$rtentry$$00000000          0x08000190   Section        0  __rtentry.o(.ARM.Collect$$rtentry$$00000000)
    .ARM.Collect$$rtentry$$00000002          0x08000190   Section        0  __rtentry2.o(.ARM.Collect$$rtentry$$00000002)
    .ARM.Collect$$rtentry$$00000004          0x08000190   Section        6  __rtentry4.o(.ARM.Collect$$rtentry$$00000004)
    .ARM.Collect$$rtentry$$00000009          0x08000196   Section        0  __rtentry2.o(.ARM.Collect$$rtentry$$00000009)
    .ARM.Collect$$rtentry$$0000000A          0x08000196   Section        4  __rtentry2.o(.ARM.Collect$$rtentry$$0000000A)
    .ARM.Collect$$rtentry$$0000000C          0x0800019a   Section        0  __rtentry2.o(.ARM.Collect$$rtentry$$0000000C)
    .ARM.Collect$$rtentry$$0000000D          0x0800019a   Section        8  __rtentry2.o(.ARM.Collect$$rtentry$$0000000D)
    .ARM.Collect$$rtexit$$00000000           0x080001a2   Section        2  rtexit.o(.ARM.Collect$$rtexit$$00000000)
    .ARM.Collect$$rtexit$$00000002           0x080001a4   Section        0  rtexit2.o(.ARM.Collect$$rtexit$$00000002)
    .ARM.Collect$$rtexit$$00000003           0x080001a4   Section        4  rtexit2.o(.ARM.Collect$$rtexit$$00000003)
    .ARM.Collect$$rtexit$$00000004           0x080001a8   Section        6  rtexit2.o(.ARM.Collect$$rtexit$$00000004)
    .text                                    0x080001b0   Section       64  startup_stm32f10x_md.o(.text)
    .text                                    0x080001f0   Section        2  use_no_semi.o(.text)
    .text                                    0x080001f4   Section        0  __2printf.o(.text)
    .text                                    0x0800020c   Section        0  __2sprintf.o(.text)
    .text                                    0x08000238   Section        0  __2snprintf.o(.text)
    .text                                    0x08000270   Section        0  _printf_pad.o(.text)
    .text                                    0x080002be   Section        0  _printf_str.o(.text)
    .text                                    0x08000310   Section        0  _printf_dec.o(.text)
    .text                                    0x08000388   Section        0  __printf_flags_ss_wp.o(.text)
    .text                                    0x08000510   Section        0  strtoul.o(.text)
    .text                                    0x08000582   Section        0  strstr.o(.text)
    .text                                    0x080005a6   Section        0  strcpy.o(.text)
    .text                                    0x080005ee   Section        0  strlen.o(.text)
    .text                                    0x0800062c   Section       16  aeabi_memset.o(.text)
    .text                                    0x0800063c   Section        0  heapauxi.o(.text)
    .text                                    0x08000644   Section       16  rt_ctype_table.o(.text)
    .text                                    0x08000654   Section        8  rt_errno_addr_intlibspace.o(.text)
    .text                                    0x0800065c   Section        0  _printf_intcommon.o(.text)
    .text                                    0x08000710   Section        0  _printf_char_common.o(.text)
    _printf_input_char                       0x08000711   Thumb Code    10  _printf_char_common.o(.text)
    .text                                    0x08000740   Section        0  _sputc.o(.text)
    .text                                    0x0800074a   Section        0  _snputc.o(.text)
    .text                                    0x0800075a   Section        0  _printf_char.o(.text)
    .text                                    0x08000788   Section        0  _printf_char_file.o(.text)
    .text                                    0x080007ac   Section        0  _strtoul.o(.text)
    .text                                    0x0800084a   Section       68  rt_memclr.o(.text)
    .text                                    0x08000890   Section        8  libspace.o(.text)
    .text                                    0x08000898   Section        8  rt_locale_intlibspace.o(.text)
    .text                                    0x080008a0   Section        0  _chval.o(.text)
    .text                                    0x080008bc   Section        0  ferror.o(.text)
    .text                                    0x080008c4   Section       78  rt_memclr_w.o(.text)
    .text                                    0x08000912   Section       74  sys_stackheap_outer.o(.text)
    .text                                    0x0800095c   Section        0  exit.o(.text)
    .text                                    0x08000970   Section      128  strcmpv7m.o(.text)
    i.BusFault_Handler                       0x080009f0   Section        0  stm32f10x_it.o(i.BusFault_Handler)
    i.DebugMon_Handler                       0x080009f4   Section        0  stm32f10x_it.o(i.DebugMon_Handler)
    i.Delay_ms                               0x080009f6   Section        0  delay.o(i.Delay_ms)
    i.Delay_us                               0x08000a0e   Section        0  delay.o(i.Delay_us)
    i.ESP8266_ClearOverflowFlag              0x08000a3c   Section        0  serial.o(i.ESP8266_ClearOverflowFlag)
    i.ESP8266_ClearRxBuffer                  0x08000a44   Section        0  serial.o(i.ESP8266_ClearRxBuffer)
    i.ESP8266_ClearRxFlag                    0x08000a4c   Section        0  serial.o(i.ESP8266_ClearRxFlag)
    i.ESP8266_ReadByte                       0x08000a54   Section        0  serial.o(i.ESP8266_ReadByte)
    i.ESP8266_SendBuffer                     0x08000a60   Section        0  serial.o(i.ESP8266_SendBuffer)
    i.ESP8266_SendString                     0x08000a70   Section        0  serial.o(i.ESP8266_SendString)
    i.ESP8266_UART_Init                      0x08000a7c   Section        0  serial.o(i.ESP8266_UART_Init)
    i.ESP8266_USART_IRQHandler               0x08000a84   Section        0  serial.o(i.ESP8266_USART_IRQHandler)
    i.GPIO_Init                              0x08000a8c   Section        0  stm32f10x_gpio.o(i.GPIO_Init)
    i.GPIO_ReadInputDataBit                  0x08000ba2   Section        0  stm32f10x_gpio.o(i.GPIO_ReadInputDataBit)
    i.GPIO_ResetBits                         0x08000bb4   Section        0  stm32f10x_gpio.o(i.GPIO_ResetBits)
    i.GPIO_SetBits                           0x08000bb8   Section        0  stm32f10x_gpio.o(i.GPIO_SetBits)
    i.GPIO_WriteBit                          0x08000bbc   Section        0  stm32f10x_gpio.o(i.GPIO_WriteBit)
    i.HardFault_Handler                      0x08000bc6   Section        0  stm32f10x_it.o(i.HardFault_Handler)
    i.Lock_Open                              0x08000bca   Section        0  relay.o(i.Lock_Open)
    i.LockerApp_BuildCodePreview             0x08000bf0   Section        0  main.o(i.LockerApp_BuildCodePreview)
    LockerApp_BuildCodePreview               0x08000bf1   Thumb Code    72  main.o(i.LockerApp_BuildCodePreview)
    i.LockerApp_GetKeyFromPress              0x08000c40   Section        0  main.o(i.LockerApp_GetKeyFromPress)
    LockerApp_GetKeyFromPress                0x08000c41   Thumb Code    32  main.o(i.LockerApp_GetKeyFromPress)
    i.LockerApp_GetStateText                 0x08000c64   Section        0  main.o(i.LockerApp_GetStateText)
    LockerApp_GetStateText                   0x08000c65   Thumb Code    30  main.o(i.LockerApp_GetStateText)
    i.LockerApp_IsDigitKey                   0x08000ca4   Section        0  main.o(i.LockerApp_IsDigitKey)
    LockerApp_IsDigitKey                     0x08000ca5   Thumb Code    18  main.o(i.LockerApp_IsDigitKey)
    i.LockerApp_OledWriteLine                0x08000cb6   Section        0  main.o(i.LockerApp_OledWriteLine)
    LockerApp_OledWriteLine                  0x08000cb7   Thumb Code    64  main.o(i.LockerApp_OledWriteLine)
    i.LockerApp_PrintInputState              0x08000cf8   Section        0  main.o(i.LockerApp_PrintInputState)
    LockerApp_PrintInputState                0x08000cf9   Thumb Code    20  main.o(i.LockerApp_PrintInputState)
    i.LockerApp_ResetCode                    0x08000d30   Section        0  main.o(i.LockerApp_ResetCode)
    LockerApp_ResetCode                      0x08000d31   Thumb Code    18  main.o(i.LockerApp_ResetCode)
    i.LockerApp_UpdateDisplay                0x08000d44   Section        0  main.o(i.LockerApp_UpdateDisplay)
    LockerApp_UpdateDisplay                  0x08000d45   Thumb Code   170  main.o(i.LockerApp_UpdateDisplay)
    i.LockerCloud_AppendByte                 0x08000e3c   Section        0  lockercloud.o(i.LockerCloud_AppendByte)
    LockerCloud_AppendByte                   0x08000e3d   Thumb Code    42  lockercloud.o(i.LockerCloud_AppendByte)
    i.LockerCloud_ConfirmPickup              0x08000e68   Section        0  lockercloud.o(i.LockerCloud_ConfirmPickup)
    i.LockerCloud_ConnectHotspot             0x08000f60   Section        0  lockercloud.o(i.LockerCloud_ConnectHotspot)
    i.LockerCloud_ConnectHotspotInternal     0x08000f78   Section        0  lockercloud.o(i.LockerCloud_ConnectHotspotInternal)
    LockerCloud_ConnectHotspotInternal       0x08000f79   Thumb Code   308  lockercloud.o(i.LockerCloud_ConnectHotspotInternal)
    i.LockerCloud_ContainsToken              0x08001300   Section        0  lockercloud.o(i.LockerCloud_ContainsToken)
    LockerCloud_ContainsToken                0x08001301   Thumb Code    32  lockercloud.o(i.LockerCloud_ContainsToken)
    i.LockerCloud_EnsureWifiReady            0x08001320   Section        0  lockercloud.o(i.LockerCloud_EnsureWifiReady)
    LockerCloud_EnsureWifiReady              0x08001321   Thumb Code    32  lockercloud.o(i.LockerCloud_EnsureWifiReady)
    i.LockerCloud_HttpPostJson               0x08001380   Section        0  lockercloud.o(i.LockerCloud_HttpPostJson)
    LockerCloud_HttpPostJson                 0x08001381   Thumb Code   112  lockercloud.o(i.LockerCloud_HttpPostJson)
    i.LockerCloud_HttpPostJsonOnce           0x08001458   Section        0  lockercloud.o(i.LockerCloud_HttpPostJsonOnce)
    LockerCloud_HttpPostJsonOnce             0x08001459   Thumb Code   314  lockercloud.o(i.LockerCloud_HttpPostJsonOnce)
    i.LockerCloud_Init                       0x08001750   Section        0  lockercloud.o(i.LockerCloud_Init)
    i.LockerCloud_IsHotspotConnected         0x0800176c   Section        0  lockercloud.o(i.LockerCloud_IsHotspotConnected)
    i.LockerCloud_ParseBoolean               0x08001900   Section        0  lockercloud.o(i.LockerCloud_ParseBoolean)
    LockerCloud_ParseBoolean                 0x08001901   Thumb Code    16  lockercloud.o(i.LockerCloud_ParseBoolean)
    i.LockerCloud_ParseUint                  0x08001910   Section        0  lockercloud.o(i.LockerCloud_ParseUint)
    LockerCloud_ParseUint                    0x08001911   Thumb Code    72  lockercloud.o(i.LockerCloud_ParseUint)
    i.LockerCloud_PrintResponse              0x08001958   Section        0  lockercloud.o(i.LockerCloud_PrintResponse)
    LockerCloud_PrintResponse                0x08001959   Thumb Code    28  lockercloud.o(i.LockerCloud_PrintResponse)
    i.LockerCloud_ReadUntilToken             0x08001980   Section        0  lockercloud.o(i.LockerCloud_ReadUntilToken)
    LockerCloud_ReadUntilToken               0x08001981   Thumb Code   122  lockercloud.o(i.LockerCloud_ReadUntilToken)
    i.LockerCloud_SendCommandAndWait         0x08001a0c   Section        0  lockercloud.o(i.LockerCloud_SendCommandAndWait)
    LockerCloud_SendCommandAndWait           0x08001a0d   Thumb Code    50  lockercloud.o(i.LockerCloud_SendCommandAndWait)
    i.LockerCloud_SendDataAndWait            0x08001a3e   Section        0  lockercloud.o(i.LockerCloud_SendDataAndWait)
    LockerCloud_SendDataAndWait              0x08001a3f   Thumb Code    62  lockercloud.o(i.LockerCloud_SendDataAndWait)
    i.LockerCloud_VerifyPickupCode           0x08001a7c   Section        0  lockercloud.o(i.LockerCloud_VerifyPickupCode)
    i.LockerCloud_WaitModuleReady            0x08001b84   Section        0  lockercloud.o(i.LockerCloud_WaitModuleReady)
    LockerCloud_WaitModuleReady              0x08001b85   Thumb Code    52  lockercloud.o(i.LockerCloud_WaitModuleReady)
    i.MemManage_Handler                      0x08001bc4   Section        0  stm32f10x_it.o(i.MemManage_Handler)
    i.NMI_Handler                            0x08001bc8   Section        0  stm32f10x_it.o(i.NMI_Handler)
    i.NVIC_Init                              0x08001bcc   Section        0  misc.o(i.NVIC_Init)
    i.OLED_Clear                             0x08001c3c   Section        0  oled.o(i.OLED_Clear)
    i.OLED_I2C_Init                          0x08001c68   Section        0  oled.o(i.OLED_I2C_Init)
    i.OLED_I2C_SendByte                      0x08001cb8   Section        0  oled.o(i.OLED_I2C_SendByte)
    i.OLED_I2C_Start                         0x08001d0c   Section        0  oled.o(i.OLED_I2C_Start)
    i.OLED_I2C_Stop                          0x08001d40   Section        0  oled.o(i.OLED_I2C_Stop)
    i.OLED_Init                              0x08001d68   Section        0  oled.o(i.OLED_Init)
    i.OLED_SetCursor                         0x08001e16   Section        0  oled.o(i.OLED_SetCursor)
    i.OLED_ShowChar                          0x08001e38   Section        0  oled.o(i.OLED_ShowChar)
    i.OLED_ShowString                        0x08001eac   Section        0  oled.o(i.OLED_ShowString)
    i.OLED_WriteCommand                      0x08001ed4   Section        0  oled.o(i.OLED_WriteCommand)
    i.OLED_WriteData                         0x08001ef4   Section        0  oled.o(i.OLED_WriteData)
    i.PendSV_Handler                         0x08001f14   Section        0  stm32f10x_it.o(i.PendSV_Handler)
    i.RCC_APB1PeriphClockCmd                 0x08001f18   Section        0  stm32f10x_rcc.o(i.RCC_APB1PeriphClockCmd)
    i.RCC_APB2PeriphClockCmd                 0x08001f38   Section        0  stm32f10x_rcc.o(i.RCC_APB2PeriphClockCmd)
    i.RCC_GetClocksFreq                      0x08001f58   Section        0  stm32f10x_rcc.o(i.RCC_GetClocksFreq)
    i.Relay_Init                             0x0800202c   Section        0  relay.o(i.Relay_Init)
    i.Relay_Off                              0x08002068   Section        0  relay.o(i.Relay_Off)
    i.Relay_On                               0x0800207c   Section        0  relay.o(i.Relay_On)
    i.SVC_Handler                            0x08002090   Section        0  stm32f10x_it.o(i.SVC_Handler)
    i.Serial_DebugInit                       0x08002092   Section        0  serial.o(i.Serial_DebugInit)
    i.Serial_Init                            0x0800209a   Section        0  serial.o(i.Serial_Init)
    i.SetSysClock                            0x080020a6   Section        0  system_stm32f10x.o(i.SetSysClock)
    SetSysClock                              0x080020a7   Thumb Code     8  system_stm32f10x.o(i.SetSysClock)
    i.SetSysClockTo72                        0x080020b0   Section        0  system_stm32f10x.o(i.SetSysClockTo72)
    SetSysClockTo72                          0x080020b1   Thumb Code   214  system_stm32f10x.o(i.SetSysClockTo72)
    i.SysTick_Handler                        0x08002190   Section        0  stm32f10x_it.o(i.SysTick_Handler)
    i.SystemInit                             0x08002194   Section        0  system_stm32f10x.o(i.SystemInit)
    i.TTP229_GetNewPress                     0x080021f4   Section        0  ttp229.o(i.TTP229_GetNewPress)
    i.TTP229_Init                            0x08002200   Section        0  ttp229.o(i.TTP229_Init)
    i.TTP229_ReadRaw                         0x08002240   Section        0  ttp229.o(i.TTP229_ReadRaw)
    i.TTP229_SCL_OutputInit                  0x080022bc   Section        0  ttp229.o(i.TTP229_SCL_OutputInit)
    TTP229_SCL_OutputInit                    0x080022bd   Thumb Code    28  ttp229.o(i.TTP229_SCL_OutputInit)
    i.TTP229_SDO_Input                       0x080022dc   Section        0  ttp229.o(i.TTP229_SDO_Input)
    i.TTP229_SDO_Output                      0x08002300   Section        0  ttp229.o(i.TTP229_SDO_Output)
    i.TTP229_Scan                            0x08002324   Section        0  ttp229.o(i.TTP229_Scan)
    i.USART1_DebugConfig                     0x08002350   Section        0  usart1.o(i.USART1_DebugConfig)
    USART1_DebugConfig                       0x08002351   Thumb Code    56  usart1.o(i.USART1_DebugConfig)
    i.USART1_DebugGPIO_Init                  0x0800238c   Section        0  usart1.o(i.USART1_DebugGPIO_Init)
    USART1_DebugGPIO_Init                    0x0800238d   Thumb Code    52  usart1.o(i.USART1_DebugGPIO_Init)
    i.USART1_DebugInit                       0x080023c4   Section        0  usart1.o(i.USART1_DebugInit)
    i.USART1_DebugSendByte                   0x080023e0   Section        0  usart1.o(i.USART1_DebugSendByte)
    i.USART1_SendByteBlocking                0x080023ec   Section        0  usart1.o(i.USART1_SendByteBlocking)
    USART1_SendByteBlocking                  0x080023ed   Thumb Code    28  usart1.o(i.USART1_SendByteBlocking)
    i.USART2_ESP8266_ClearOverflowFlag       0x0800240c   Section        0  usart2.o(i.USART2_ESP8266_ClearOverflowFlag)
    i.USART2_ESP8266_ClearRxBuffer           0x08002428   Section        0  usart2.o(i.USART2_ESP8266_ClearRxBuffer)
    i.USART2_ESP8266_ClearRxFlag             0x08002464   Section        0  usart2.o(i.USART2_ESP8266_ClearRxFlag)
    i.USART2_ESP8266_Config                  0x08002480   Section        0  usart2.o(i.USART2_ESP8266_Config)
    USART2_ESP8266_Config                    0x08002481   Thumb Code    56  usart2.o(i.USART2_ESP8266_Config)
    i.USART2_ESP8266_GPIO_Init               0x080024bc   Section        0  usart2.o(i.USART2_ESP8266_GPIO_Init)
    USART2_ESP8266_GPIO_Init                 0x080024bd   Thumb Code    50  usart2.o(i.USART2_ESP8266_GPIO_Init)
    i.USART2_ESP8266_IRQHandler              0x080024f4   Section        0  usart2.o(i.USART2_ESP8266_IRQHandler)
    i.USART2_ESP8266_Init                    0x08002568   Section        0  usart2.o(i.USART2_ESP8266_Init)
    i.USART2_ESP8266_ReadByte                0x080025b4   Section        0  usart2.o(i.USART2_ESP8266_ReadByte)
    i.USART2_ESP8266_SendBuffer              0x08002614   Section        0  usart2.o(i.USART2_ESP8266_SendBuffer)
    i.USART2_ESP8266_SendByteBlocking        0x08002638   Section        0  usart2.o(i.USART2_ESP8266_SendByteBlocking)
    USART2_ESP8266_SendByteBlocking          0x08002639   Thumb Code    28  usart2.o(i.USART2_ESP8266_SendByteBlocking)
    i.USART2_ESP8266_SendString              0x08002658   Section        0  usart2.o(i.USART2_ESP8266_SendString)
    i.USART2_EnterCritical                   0x08002674   Section        0  usart2.o(i.USART2_EnterCritical)
    USART2_EnterCritical                     0x08002675   Thumb Code    12  usart2.o(i.USART2_EnterCritical)
    i.USART2_ExitCritical                    0x08002680   Section        0  usart2.o(i.USART2_ExitCritical)
    USART2_ExitCritical                      0x08002681   Thumb Code    10  usart2.o(i.USART2_ExitCritical)
    i.USART2_IRQHandler                      0x0800268a   Section        0  stm32f10x_it.o(i.USART2_IRQHandler)
    i.USART_Cmd                              0x08002692   Section        0  stm32f10x_usart.o(i.USART_Cmd)
    i.USART_GetFlagStatus                    0x080026aa   Section        0  stm32f10x_usart.o(i.USART_GetFlagStatus)
    i.USART_ITConfig                         0x080026c4   Section        0  stm32f10x_usart.o(i.USART_ITConfig)
    i.USART_Init                             0x08002710   Section        0  stm32f10x_usart.o(i.USART_Init)
    i.USART_SendData                         0x080027e8   Section        0  stm32f10x_usart.o(i.USART_SendData)
    i.USART_StructInit                       0x080027f0   Section        0  stm32f10x_usart.o(i.USART_StructInit)
    i.UsageFault_Handler                     0x08002808   Section        0  stm32f10x_it.o(i.UsageFault_Handler)
    i._is_digit                              0x0800280c   Section        0  __printf_wp.o(i._is_digit)
    i._sys_exit                              0x0800281a   Section        0  usart1.o(i._sys_exit)
    i.fputc                                  0x0800281c   Section        0  usart1.o(i.fputc)
    i.main                                   0x08002838   Section        0  main.o(i.main)
    locale$$code                             0x08002df8   Section       44  lc_ctype_c.o(locale$$code)
    .constdata                               0x08002e24   Section     1520  oled.o(.constdata)
    .constdata                               0x08003414   Section       16  main.o(.constdata)
    KeyMap                                   0x08003414   Data          16  main.o(.constdata)
    .constdata                               0x08003424   Section       17  __printf_flags_ss_wp.o(.constdata)
    maptable                                 0x08003424   Data          17  __printf_flags_ss_wp.o(.constdata)
    .conststring                             0x08003438   Section      343  lockercloud.o(.conststring)
    .conststring                             0x08003590   Section      894  main.o(.conststring)
    locale$$data                             0x08003930   Section      272  lc_ctype_c.o(locale$$data)
    __lcctype_c_name                         0x08003934   Data           2  lc_ctype_c.o(locale$$data)
    __lcctype_c_start                        0x0800393c   Data           0  lc_ctype_c.o(locale$$data)
    __lcctype_c_end                          0x08003a40   Data           0  lc_ctype_c.o(locale$$data)
    .data                                    0x20000000   Section       20  stm32f10x_rcc.o(.data)
    APBAHBPrescTable                         0x20000000   Data          16  stm32f10x_rcc.o(.data)
    ADCPrescTable                            0x20000010   Data           4  stm32f10x_rcc.o(.data)
    .data                                    0x20000014   Section        8  usart1.o(.data)
    .data                                    0x2000001c   Section        8  usart2.o(.data)
    USART2_ESP8266_RxHead                    0x2000001c   Data           2  usart2.o(.data)
    USART2_ESP8266_RxTail                    0x2000001e   Data           2  usart2.o(.data)
    USART2_ESP8266_RxCount                   0x20000020   Data           2  usart2.o(.data)
    USART2_ESP8266_RxFlag                    0x20000022   Data           1  usart2.o(.data)
    USART2_ESP8266_RxOverflowFlag            0x20000023   Data           1  usart2.o(.data)
    .data                                    0x20000024   Section        6  ttp229.o(.data)
    TTP229_CurrentKeys                       0x20000024   Data           2  ttp229.o(.data)
    TTP229_LastKeys                          0x20000026   Data           2  ttp229.o(.data)
    TTP229_NewPress                          0x20000028   Data           2  ttp229.o(.data)
    .data                                    0x2000002a   Section        1  lockercloud.o(.data)
    LockerCloud_WifiReady                    0x2000002a   Data           1  lockercloud.o(.data)
    .bss                                     0x2000002c   Section      256  usart2.o(.bss)
    USART2_ESP8266_RxBuffer                  0x2000002c   Data         256  usart2.o(.bss)
    .bss                                     0x2000012c   Section       96  libspace.o(.bss)
    HEAP                                     0x20000190   Section      512  startup_stm32f10x_md.o(HEAP)
    Heap_Mem                                 0x20000190   Data         512  startup_stm32f10x_md.o(HEAP)
    STACK                                    0x20000390   Section     1024  startup_stm32f10x_md.o(STACK)
    Stack_Mem                                0x20000390   Data        1024  startup_stm32f10x_md.o(STACK)
    __initial_sp                             0x20000790   Data           0  startup_stm32f10x_md.o(STACK)

    Global Symbols

    Symbol Name                              Value     Ov Type        Size  Object(Section)

    BuildAttributes$$THM_ISAv4$P$D$K$B$S$PE$A:L22UL41UL21$X:L11$S22US41US21$IEEE1$IW$USESV6$~STKCKD$USESV7$~SHL$OSPACE$ROPI$EBA8$UX$STANDARDLIB$REQ8$PRES8$EABIv2 0x00000000   Number         0  anon$$obj.o ABSOLUTE
    __ARM_use_no_argv                        0x00000000   Number         0  main.o ABSOLUTE
    _printf_flags                            0x00000000   Number         0  printf_stubs.o ABSOLUTE
    _printf_return_value                     0x00000000   Number         0  printf_stubs.o ABSOLUTE
    _printf_sizespec                         0x00000000   Number         0  printf_stubs.o ABSOLUTE
    _printf_widthprec                        0x00000000   Number         0  printf_stubs.o ABSOLUTE
    __ARM_exceptions_init                     - Undefined Weak Reference
    __alloca_initialize                       - Undefined Weak Reference
    __arm_preinit_                            - Undefined Weak Reference
    __cpp_initialize__aeabi_                  - Undefined Weak Reference
    __cxa_finalize                            - Undefined Weak Reference
    __sigvec_lookup                           - Undefined Weak Reference
    _atexit_init                              - Undefined Weak Reference
    _call_atexit_fns                          - Undefined Weak Reference
    _clock_init                               - Undefined Weak Reference
    _fp_trap_init                             - Undefined Weak Reference
    _fp_trap_shutdown                         - Undefined Weak Reference
    _get_lc_collate                           - Undefined Weak Reference
    _get_lc_monetary                          - Undefined Weak Reference
    _get_lc_numeric                           - Undefined Weak Reference
    _get_lc_time                              - Undefined Weak Reference
    _getenv_init                              - Undefined Weak Reference
    _handle_redirection                       - Undefined Weak Reference
    _init_alloc                               - Undefined Weak Reference
    _init_user_alloc                          - Undefined Weak Reference
    _initio                                   - Undefined Weak Reference
    _mutex_acquire                            - Undefined Weak Reference
    _mutex_release                            - Undefined Weak Reference
    _printf_mbtowc                            - Undefined Weak Reference
    _printf_truncate_signed                   - Undefined Weak Reference
    _printf_truncate_unsigned                 - Undefined Weak Reference
    _rand_init                                - Undefined Weak Reference
    _signal_finish                            - Undefined Weak Reference
    _signal_init                              - Undefined Weak Reference
    _terminate_alloc                          - Undefined Weak Reference
    _terminate_user_alloc                     - Undefined Weak Reference
    _terminateio                              - Undefined Weak Reference
    __Vectors_Size                           0x000000ec   Number         0  startup_stm32f10x_md.o ABSOLUTE
    __Vectors                                0x08000000   Data           4  startup_stm32f10x_md.o(RESET)
    __Vectors_End                            0x080000ec   Data           0  startup_stm32f10x_md.o(RESET)
    __main                                   0x080000ed   Thumb Code     8  __main.o(!!!main)
    __scatterload                            0x080000f5   Thumb Code     0  __scatter.o(!!!scatter)
    __scatterload_rt2                        0x080000f5   Thumb Code    44  __scatter.o(!!!scatter)
    __scatterload_rt2_thumb_only             0x080000f5   Thumb Code     0  __scatter.o(!!!scatter)
    __scatterload_null                       0x08000103   Thumb Code     0  __scatter.o(!!!scatter)
    __scatterload_copy                       0x08000129   Thumb Code    26  __scatter_copy.o(!!handler_copy)
    __scatterload_zeroinit                   0x08000145   Thumb Code    28  __scatter_zi.o(!!handler_zi)
    _printf_percent                          0x08000161   Thumb Code     0  _printf_percent.o(.ARM.Collect$$_printf_percent$$00000000)
    _printf_u                                0x08000161   Thumb Code     0  _printf_u.o(.ARM.Collect$$_printf_percent$$0000000A)
    _printf_c                                0x08000167   Thumb Code     0  _printf_c.o(.ARM.Collect$$_printf_percent$$00000013)
    _printf_s                                0x0800016d   Thumb Code     0  _printf_s.o(.ARM.Collect$$_printf_percent$$00000014)
    _printf_percent_end                      0x08000173   Thumb Code     0  _printf_percent_end.o(.ARM.Collect$$_printf_percent$$00000017)
    __rt_lib_init                            0x08000177   Thumb Code     0  libinit.o(.ARM.Collect$$libinit$$00000000)
    __rt_lib_init_fp_1                       0x08000179   Thumb Code     0  libinit2.o(.ARM.Collect$$libinit$$00000002)
    __rt_lib_init_heap_1                     0x08000179   Thumb Code     0  libinit2.o(.ARM.Collect$$libinit$$0000000A)
    __rt_lib_init_lc_common                  0x08000179   Thumb Code     0  libinit2.o(.ARM.Collect$$libinit$$0000000F)
    __rt_lib_init_preinit_1                  0x08000179   Thumb Code     0  libinit2.o(.ARM.Collect$$libinit$$00000004)
    __rt_lib_init_rand_1                     0x08000179   Thumb Code     0  libinit2.o(.ARM.Collect$$libinit$$0000000E)
    __rt_lib_init_user_alloc_1               0x08000179   Thumb Code     0  libinit2.o(.ARM.Collect$$libinit$$0000000C)
    __rt_lib_init_lc_collate_1               0x0800017f   Thumb Code     0  libinit2.o(.ARM.Collect$$libinit$$00000011)
    __rt_lib_init_lc_ctype_2                 0x0800017f   Thumb Code     0  libinit2.o(.ARM.Collect$$libinit$$00000012)
    __rt_lib_init_alloca_1                   0x0800018b   Thumb Code     0  libinit2.o(.ARM.Collect$$libinit$$0000002E)
    __rt_lib_init_argv_1                     0x0800018b   Thumb Code     0  libinit2.o(.ARM.Collect$$libinit$$0000002C)
    __rt_lib_init_atexit_1                   0x0800018b   Thumb Code     0  libinit2.o(.ARM.Collect$$libinit$$0000001B)
    __rt_lib_init_clock_1                    0x0800018b   Thumb Code     0  libinit2.o(.ARM.Collect$$libinit$$00000021)
    __rt_lib_init_cpp_1                      0x0800018b   Thumb Code     0  libinit2.o(.ARM.Collect$$libinit$$00000032)
    __rt_lib_init_exceptions_1               0x0800018b   Thumb Code     0  libinit2.o(.ARM.Collect$$libinit$$00000030)
    __rt_lib_init_fp_trap_1                  0x0800018b   Thumb Code     0  libinit2.o(.ARM.Collect$$libinit$$0000001F)
    __rt_lib_init_getenv_1                   0x0800018b   Thumb Code     0  libinit2.o(.ARM.Collect$$libinit$$00000023)
    __rt_lib_init_lc_ctype_1                 0x0800018b   Thumb Code     0  libinit2.o(.ARM.Collect$$libinit$$00000013)
    __rt_lib_init_lc_monetary_1              0x0800018b   Thumb Code     0  libinit2.o(.ARM.Collect$$libinit$$00000015)
    __rt_lib_init_lc_numeric_1               0x0800018b   Thumb Code     0  libinit2.o(.ARM.Collect$$libinit$$00000017)
    __rt_lib_init_lc_time_1                  0x0800018b   Thumb Code     0  libinit2.o(.ARM.Collect$$libinit$$00000019)
    __rt_lib_init_return                     0x0800018b   Thumb Code     0  libinit2.o(.ARM.Collect$$libinit$$00000033)
    __rt_lib_init_signal_1                   0x0800018b   Thumb Code     0  libinit2.o(.ARM.Collect$$libinit$$0000001D)
    __rt_lib_init_stdio_1                    0x0800018b   Thumb Code     0  libinit2.o(.ARM.Collect$$libinit$$00000025)
    __rt_lib_shutdown                        0x0800018d   Thumb Code     0  libshutdown.o(.ARM.Collect$$libshutdown$$00000000)
    __rt_lib_shutdown_cpp_1                  0x0800018f   Thumb Code     0  libshutdown2.o(.ARM.Collect$$libshutdown$$00000002)
    __rt_lib_shutdown_fp_trap_1              0x0800018f   Thumb Code     0  libshutdown2.o(.ARM.Collect$$libshutdown$$00000007)
    __rt_lib_shutdown_heap_1                 0x0800018f   Thumb Code     0  libshutdown2.o(.ARM.Collect$$libshutdown$$0000000F)
    __rt_lib_shutdown_return                 0x0800018f   Thumb Code     0  libshutdown2.o(.ARM.Collect$$libshutdown$$00000010)
    __rt_lib_shutdown_signal_1               0x0800018f   Thumb Code     0  libshutdown2.o(.ARM.Collect$$libshutdown$$0000000A)
    __rt_lib_shutdown_stdio_1                0x0800018f   Thumb Code     0  libshutdown2.o(.ARM.Collect$$libshutdown$$00000004)
    __rt_lib_shutdown_user_alloc_1           0x0800018f   Thumb Code     0  libshutdown2.o(.ARM.Collect$$libshutdown$$0000000C)
    __rt_entry                               0x08000191   Thumb Code     0  __rtentry.o(.ARM.Collect$$rtentry$$00000000)
    __rt_entry_presh_1                       0x08000191   Thumb Code     0  __rtentry2.o(.ARM.Collect$$rtentry$$00000002)
    __rt_entry_sh                            0x08000191   Thumb Code     0  __rtentry4.o(.ARM.Collect$$rtentry$$00000004)
    __rt_entry_li                            0x08000197   Thumb Code     0  __rtentry2.o(.ARM.Collect$$rtentry$$0000000A)
    __rt_entry_postsh_1                      0x08000197   Thumb Code     0  __rtentry2.o(.ARM.Collect$$rtentry$$00000009)
    __rt_entry_main                          0x0800019b   Thumb Code     0  __rtentry2.o(.ARM.Collect$$rtentry$$0000000D)
    __rt_entry_postli_1                      0x0800019b   Thumb Code     0  __rtentry2.o(.ARM.Collect$$rtentry$$0000000C)
    __rt_exit                                0x080001a3   Thumb Code     0  rtexit.o(.ARM.Collect$$rtexit$$00000000)
    __rt_exit_ls                             0x080001a5   Thumb Code     0  rtexit2.o(.ARM.Collect$$rtexit$$00000003)
    __rt_exit_prels_1                        0x080001a5   Thumb Code     0  rtexit2.o(.ARM.Collect$$rtexit$$00000002)
    __rt_exit_exit                           0x080001a9   Thumb Code     0  rtexit2.o(.ARM.Collect$$rtexit$$00000004)
    Reset_Handler                            0x080001b1   Thumb Code     8  startup_stm32f10x_md.o(.text)
    ADC1_2_IRQHandler                        0x080001cb   Thumb Code     0  startup_stm32f10x_md.o(.text)
    CAN1_RX1_IRQHandler                      0x080001cb   Thumb Code     0  startup_stm32f10x_md.o(.text)
    CAN1_SCE_IRQHandler                      0x080001cb   Thumb Code     0  startup_stm32f10x_md.o(.text)
    DMA1_Channel1_IRQHandler                 0x080001cb   Thumb Code     0  startup_stm32f10x_md.o(.text)
    DMA1_Channel2_IRQHandler                 0x080001cb   Thumb Code     0  startup_stm32f10x_md.o(.text)
    DMA1_Channel3_IRQHandler                 0x080001cb   Thumb Code     0  startup_stm32f10x_md.o(.text)
    DMA1_Channel4_IRQHandler                 0x080001cb   Thumb Code     0  startup_stm32f10x_md.o(.text)
    DMA1_Channel5_IRQHandler                 0x080001cb   Thumb Code     0  startup_stm32f10x_md.o(.text)
    DMA1_Channel6_IRQHandler                 0x080001cb   Thumb Code     0  startup_stm32f10x_md.o(.text)
    DMA1_Channel7_IRQHandler                 0x080001cb   Thumb Code     0  startup_stm32f10x_md.o(.text)
    EXTI0_IRQHandler                         0x080001cb   Thumb Code     0  startup_stm32f10x_md.o(.text)
    EXTI15_10_IRQHandler                     0x080001cb   Thumb Code     0  startup_stm32f10x_md.o(.text)
    EXTI1_IRQHandler                         0x080001cb   Thumb Code     0  startup_stm32f10x_md.o(.text)
    EXTI2_IRQHandler                         0x080001cb   Thumb Code     0  startup_stm32f10x_md.o(.text)
    EXTI3_IRQHandler                         0x080001cb   Thumb Code     0  startup_stm32f10x_md.o(.text)
    EXTI4_IRQHandler                         0x080001cb   Thumb Code     0  startup_stm32f10x_md.o(.text)
    EXTI9_5_IRQHandler                       0x080001cb   Thumb Code     0  startup_stm32f10x_md.o(.text)
    FLASH_IRQHandler                         0x080001cb   Thumb Code     0  startup_stm32f10x_md.o(.text)
    I2C1_ER_IRQHandler                       0x080001cb   Thumb Code     0  startup_stm32f10x_md.o(.text)
    I2C1_EV_IRQHandler                       0x080001cb   Thumb Code     0  startup_stm32f10x_md.o(.text)
    I2C2_ER_IRQHandler                       0x080001cb   Thumb Code     0  startup_stm32f10x_md.o(.text)
    I2C2_EV_IRQHandler                       0x080001cb   Thumb Code     0  startup_stm32f10x_md.o(.text)
    PVD_IRQHandler                           0x080001cb   Thumb Code     0  startup_stm32f10x_md.o(.text)
    RCC_IRQHandler                           0x080001cb   Thumb Code     0  startup_stm32f10x_md.o(.text)
    RTCAlarm_IRQHandler                      0x080001cb   Thumb Code     0  startup_stm32f10x_md.o(.text)
    RTC_IRQHandler                           0x080001cb   Thumb Code     0  startup_stm32f10x_md.o(.text)
    SPI1_IRQHandler                          0x080001cb   Thumb Code     0  startup_stm32f10x_md.o(.text)
    SPI2_IRQHandler                          0x080001cb   Thumb Code     0  startup_stm32f10x_md.o(.text)
    TAMPER_IRQHandler                        0x080001cb   Thumb Code     0  startup_stm32f10x_md.o(.text)
    TIM1_BRK_IRQHandler                      0x080001cb   Thumb Code     0  startup_stm32f10x_md.o(.text)
    TIM1_CC_IRQHandler                       0x080001cb   Thumb Code     0  startup_stm32f10x_md.o(.text)
    TIM1_TRG_COM_IRQHandler                  0x080001cb   Thumb Code     0  startup_stm32f10x_md.o(.text)
    TIM1_UP_IRQHandler                       0x080001cb   Thumb Code     0  startup_stm32f10x_md.o(.text)
    TIM2_IRQHandler                          0x080001cb   Thumb Code     0  startup_stm32f10x_md.o(.text)
    TIM3_IRQHandler                          0x080001cb   Thumb Code     0  startup_stm32f10x_md.o(.text)
    TIM4_IRQHandler                          0x080001cb   Thumb Code     0  startup_stm32f10x_md.o(.text)
    USART1_IRQHandler                        0x080001cb   Thumb Code     0  startup_stm32f10x_md.o(.text)
    USART3_IRQHandler                        0x080001cb   Thumb Code     0  startup_stm32f10x_md.o(.text)
    USBWakeUp_IRQHandler                     0x080001cb   Thumb Code     0  startup_stm32f10x_md.o(.text)
    USB_HP_CAN1_TX_IRQHandler                0x080001cb   Thumb Code     0  startup_stm32f10x_md.o(.text)
    USB_LP_CAN1_RX0_IRQHandler               0x080001cb   Thumb Code     0  startup_stm32f10x_md.o(.text)
    WWDG_IRQHandler                          0x080001cb   Thumb Code     0  startup_stm32f10x_md.o(.text)
    __user_initial_stackheap                 0x080001cd   Thumb Code     0  startup_stm32f10x_md.o(.text)
    __I$use$semihosting                      0x080001f1   Thumb Code     0  use_no_semi.o(.text)
    __use_no_semihosting_swi                 0x080001f1   Thumb Code     2  use_no_semi.o(.text)
    __2printf                                0x080001f5   Thumb Code    20  __2printf.o(.text)
    __2sprintf                               0x0800020d   Thumb Code    38  __2sprintf.o(.text)
    __2snprintf                              0x08000239   Thumb Code    50  __2snprintf.o(.text)
    _printf_pre_padding                      0x08000271   Thumb Code    44  _printf_pad.o(.text)
    _printf_post_padding                     0x0800029d   Thumb Code    34  _printf_pad.o(.text)
    _printf_str                              0x080002bf   Thumb Code    82  _printf_str.o(.text)
    _printf_int_dec                          0x08000311   Thumb Code   104  _printf_dec.o(.text)
    __printf                                 0x08000389   Thumb Code   388  __printf_flags_ss_wp.o(.text)
    strtoul                                  0x08000511   Thumb Code   114  strtoul.o(.text)
    strstr                                   0x08000583   Thumb Code    36  strstr.o(.text)
    strcpy                                   0x080005a7   Thumb Code    72  strcpy.o(.text)
    strlen                                   0x080005ef   Thumb Code    62  strlen.o(.text)
    __aeabi_memset                           0x0800062d   Thumb Code    16  aeabi_memset.o(.text)
    __use_two_region_memory                  0x0800063d   Thumb Code     2  heapauxi.o(.text)
    __rt_heap_escrow$2region                 0x0800063f   Thumb Code     2  heapauxi.o(.text)
    __rt_heap_expand$2region                 0x08000641   Thumb Code     2  heapauxi.o(.text)
    __rt_ctype_table                         0x08000645   Thumb Code    16  rt_ctype_table.o(.text)
    __aeabi_errno_addr                       0x08000655   Thumb Code     8  rt_errno_addr_intlibspace.o(.text)
    __errno$intlibspace                      0x08000655   Thumb Code     0  rt_errno_addr_intlibspace.o(.text)
    __rt_errno_addr$intlibspace              0x08000655   Thumb Code     0  rt_errno_addr_intlibspace.o(.text)
    _printf_int_common                       0x0800065d   Thumb Code   178  _printf_intcommon.o(.text)
    _printf_char_common                      0x0800071b   Thumb Code    32  _printf_char_common.o(.text)
    _sputc                                   0x08000741   Thumb Code    10  _sputc.o(.text)
    _snputc                                  0x0800074b   Thumb Code    16  _snputc.o(.text)
    _printf_cs_common                        0x0800075b   Thumb Code    20  _printf_char.o(.text)
    _printf_char                             0x0800076f   Thumb Code    16  _printf_char.o(.text)
    _printf_string                           0x0800077f   Thumb Code     8  _printf_char.o(.text)
    _printf_char_file                        0x08000789   Thumb Code    32  _printf_char_file.o(.text)
    _strtoul                                 0x080007ad   Thumb Code   158  _strtoul.o(.text)
    __aeabi_memclr                           0x0800084b   Thumb Code     0  rt_memclr.o(.text)
    __rt_memclr                              0x0800084b   Thumb Code    68  rt_memclr.o(.text)
    _memset                                  0x0800084f   Thumb Code     0  rt_memclr.o(.text)
    __user_libspace                          0x08000891   Thumb Code     8  libspace.o(.text)
    __user_perproc_libspace                  0x08000891   Thumb Code     0  libspace.o(.text)
    __user_perthread_libspace                0x08000891   Thumb Code     0  libspace.o(.text)
    __rt_locale                              0x08000899   Thumb Code     8  rt_locale_intlibspace.o(.text)
    _chval                                   0x080008a1   Thumb Code    28  _chval.o(.text)
    ferror                                   0x080008bd   Thumb Code     8  ferror.o(.text)
    __aeabi_memclr4                          0x080008c5   Thumb Code     0  rt_memclr_w.o(.text)
    __aeabi_memclr8                          0x080008c5   Thumb Code     0  rt_memclr_w.o(.text)
    __rt_memclr_w                            0x080008c5   Thumb Code    78  rt_memclr_w.o(.text)
    _memset_w                                0x080008c9   Thumb Code     0  rt_memclr_w.o(.text)
    __user_setup_stackheap                   0x08000913   Thumb Code    74  sys_stackheap_outer.o(.text)
    exit                                     0x0800095d   Thumb Code    18  exit.o(.text)
    strcmp                                   0x08000971   Thumb Code   128  strcmpv7m.o(.text)
    BusFault_Handler                         0x080009f1   Thumb Code     4  stm32f10x_it.o(i.BusFault_Handler)
    DebugMon_Handler                         0x080009f5   Thumb Code     2  stm32f10x_it.o(i.DebugMon_Handler)
    Delay_ms                                 0x080009f7   Thumb Code    24  delay.o(i.Delay_ms)
    Delay_us                                 0x08000a0f   Thumb Code    46  delay.o(i.Delay_us)
    ESP8266_ClearOverflowFlag                0x08000a3d   Thumb Code     8  serial.o(i.ESP8266_ClearOverflowFlag)
    ESP8266_ClearRxBuffer                    0x08000a45   Thumb Code     8  serial.o(i.ESP8266_ClearRxBuffer)
    ESP8266_ClearRxFlag                      0x08000a4d   Thumb Code     8  serial.o(i.ESP8266_ClearRxFlag)
    ESP8266_ReadByte                         0x08000a55   Thumb Code    12  serial.o(i.ESP8266_ReadByte)
    ESP8266_SendBuffer                       0x08000a61   Thumb Code    16  serial.o(i.ESP8266_SendBuffer)
    ESP8266_SendString                       0x08000a71   Thumb Code    12  serial.o(i.ESP8266_SendString)
    ESP8266_UART_Init                        0x08000a7d   Thumb Code     8  serial.o(i.ESP8266_UART_Init)
    ESP8266_USART_IRQHandler                 0x08000a85   Thumb Code     8  serial.o(i.ESP8266_USART_IRQHandler)
    GPIO_Init                                0x08000a8d   Thumb Code   278  stm32f10x_gpio.o(i.GPIO_Init)
    GPIO_ReadInputDataBit                    0x08000ba3   Thumb Code    18  stm32f10x_gpio.o(i.GPIO_ReadInputDataBit)
    GPIO_ResetBits                           0x08000bb5   Thumb Code     4  stm32f10x_gpio.o(i.GPIO_ResetBits)
    GPIO_SetBits                             0x08000bb9   Thumb Code     4  stm32f10x_gpio.o(i.GPIO_SetBits)
    GPIO_WriteBit                            0x08000bbd   Thumb Code    10  stm32f10x_gpio.o(i.GPIO_WriteBit)
    HardFault_Handler                        0x08000bc7   Thumb Code     4  stm32f10x_it.o(i.HardFault_Handler)
    Lock_Open                                0x08000bcb   Thumb Code    36  relay.o(i.Lock_Open)
    LockerCloud_ConfirmPickup                0x08000e69   Thumb Code    82  lockercloud.o(i.LockerCloud_ConfirmPickup)
    LockerCloud_ConnectHotspot               0x08000f61   Thumb Code    22  lockercloud.o(i.LockerCloud_ConnectHotspot)
    LockerCloud_Init                         0x08001751   Thumb Code    22  lockercloud.o(i.LockerCloud_Init)
    LockerCloud_IsHotspotConnected           0x0800176d   Thumb Code   136  lockercloud.o(i.LockerCloud_IsHotspotConnected)
    LockerCloud_VerifyPickupCode             0x08001a7d   Thumb Code   100  lockercloud.o(i.LockerCloud_VerifyPickupCode)
    MemManage_Handler                        0x08001bc5   Thumb Code     4  stm32f10x_it.o(i.MemManage_Handler)
    NMI_Handler                              0x08001bc9   Thumb Code     2  stm32f10x_it.o(i.NMI_Handler)
    NVIC_Init                                0x08001bcd   Thumb Code   100  misc.o(i.NVIC_Init)
    OLED_Clear                               0x08001c3d   Thumb Code    42  oled.o(i.OLED_Clear)
    OLED_I2C_Init                            0x08001c69   Thumb Code    76  oled.o(i.OLED_I2C_Init)
    OLED_I2C_SendByte                        0x08001cb9   Thumb Code    80  oled.o(i.OLED_I2C_SendByte)
    OLED_I2C_Start                           0x08001d0d   Thumb Code    48  oled.o(i.OLED_I2C_Start)
    OLED_I2C_Stop                            0x08001d41   Thumb Code    36  oled.o(i.OLED_I2C_Stop)
    OLED_Init                                0x08001d69   Thumb Code   174  oled.o(i.OLED_Init)
    OLED_SetCursor                           0x08001e17   Thumb Code    34  oled.o(i.OLED_SetCursor)
    OLED_ShowChar                            0x08001e39   Thumb Code   110  oled.o(i.OLED_ShowChar)
    OLED_ShowString                          0x08001ead   Thumb Code    40  oled.o(i.OLED_ShowString)
    OLED_WriteCommand                        0x08001ed5   Thumb Code    32  oled.o(i.OLED_WriteCommand)
    OLED_WriteData                           0x08001ef5   Thumb Code    32  oled.o(i.OLED_WriteData)
    PendSV_Handler                           0x08001f15   Thumb Code     2  stm32f10x_it.o(i.PendSV_Handler)
    RCC_APB1PeriphClockCmd                   0x08001f19   Thumb Code    26  stm32f10x_rcc.o(i.RCC_APB1PeriphClockCmd)
    RCC_APB2PeriphClockCmd                   0x08001f39   Thumb Code    26  stm32f10x_rcc.o(i.RCC_APB2PeriphClockCmd)
    RCC_GetClocksFreq                        0x08001f59   Thumb Code   192  stm32f10x_rcc.o(i.RCC_GetClocksFreq)
    Relay_Init                               0x0800202d   Thumb Code    54  relay.o(i.Relay_Init)
    Relay_Off                                0x08002069   Thumb Code    14  relay.o(i.Relay_Off)
    Relay_On                                 0x0800207d   Thumb Code    14  relay.o(i.Relay_On)
    SVC_Handler                              0x08002091   Thumb Code     2  stm32f10x_it.o(i.SVC_Handler)
    Serial_DebugInit                         0x08002093   Thumb Code     8  serial.o(i.Serial_DebugInit)
    Serial_Init                              0x0800209b   Thumb Code    12  serial.o(i.Serial_Init)
    SysTick_Handler                          0x08002191   Thumb Code     2  stm32f10x_it.o(i.SysTick_Handler)
    SystemInit                               0x08002195   Thumb Code    78  system_stm32f10x.o(i.SystemInit)
    TTP229_GetNewPress                       0x080021f5   Thumb Code     6  ttp229.o(i.TTP229_GetNewPress)
    TTP229_Init                              0x08002201   Thumb Code    46  ttp229.o(i.TTP229_Init)
    TTP229_ReadRaw                           0x08002241   Thumb Code   120  ttp229.o(i.TTP229_ReadRaw)
    TTP229_SDO_Input                         0x080022dd   Thumb Code    30  ttp229.o(i.TTP229_SDO_Input)
    TTP229_SDO_Output                        0x08002301   Thumb Code    30  ttp229.o(i.TTP229_SDO_Output)
    TTP229_Scan                              0x08002325   Thumb Code    32  ttp229.o(i.TTP229_Scan)
    USART1_DebugInit                         0x080023c5   Thumb Code    28  usart1.o(i.USART1_DebugInit)
    USART1_DebugSendByte                     0x080023e1   Thumb Code    12  usart1.o(i.USART1_DebugSendByte)
    USART2_ESP8266_ClearOverflowFlag         0x0800240d   Thumb Code    22  usart2.o(i.USART2_ESP8266_ClearOverflowFlag)
    USART2_ESP8266_ClearRxBuffer             0x08002429   Thumb Code    38  usart2.o(i.USART2_ESP8266_ClearRxBuffer)
    USART2_ESP8266_ClearRxFlag               0x08002465   Thumb Code    22  usart2.o(i.USART2_ESP8266_ClearRxFlag)
    USART2_ESP8266_IRQHandler                0x080024f5   Thumb Code    90  usart2.o(i.USART2_ESP8266_IRQHandler)
    USART2_ESP8266_Init                      0x08002569   Thumb Code    70  usart2.o(i.USART2_ESP8266_Init)
    USART2_ESP8266_ReadByte                  0x080025b5   Thumb Code    84  usart2.o(i.USART2_ESP8266_ReadByte)
    USART2_ESP8266_SendBuffer                0x08002615   Thumb Code    34  usart2.o(i.USART2_ESP8266_SendBuffer)
    USART2_ESP8266_SendString                0x08002659   Thumb Code    28  usart2.o(i.USART2_ESP8266_SendString)
    USART2_IRQHandler                        0x0800268b   Thumb Code     8  stm32f10x_it.o(i.USART2_IRQHandler)
    USART_Cmd                                0x08002693   Thumb Code    24  stm32f10x_usart.o(i.USART_Cmd)
    USART_GetFlagStatus                      0x080026ab   Thumb Code    26  stm32f10x_usart.o(i.USART_GetFlagStatus)
    USART_ITConfig                           0x080026c5   Thumb Code    74  stm32f10x_usart.o(i.USART_ITConfig)
    USART_Init                               0x08002711   Thumb Code   210  stm32f10x_usart.o(i.USART_Init)
    USART_SendData                           0x080027e9   Thumb Code     8  stm32f10x_usart.o(i.USART_SendData)
    USART_StructInit                         0x080027f1   Thumb Code    24  stm32f10x_usart.o(i.USART_StructInit)
    UsageFault_Handler                       0x08002809   Thumb Code     4  stm32f10x_it.o(i.UsageFault_Handler)
    _is_digit                                0x0800280d   Thumb Code    14  __printf_wp.o(i._is_digit)
    _sys_exit                                0x0800281b   Thumb Code     2  usart1.o(i._sys_exit)
    fputc                                    0x0800281d   Thumb Code    26  usart1.o(i.fputc)
    main                                     0x08002839   Thumb Code   788  main.o(i.main)
    _get_lc_ctype                            0x08002df9   Thumb Code    44  lc_ctype_c.o(locale$$code)
    OLED_F8x16                               0x08002e24   Data        1520  oled.o(.constdata)
    Region$$Table$$Base                      0x08003910   Number         0  anon$$obj.o(Region$$Table)
    Region$$Table$$Limit                     0x08003930   Number         0  anon$$obj.o(Region$$Table)
    __ctype                                  0x0800393d   Data           0  lc_ctype_c.o(locale$$data)
    __stdout                                 0x20000014   Data           4  usart1.o(.data)
    __stdin                                  0x20000018   Data           4  usart1.o(.data)
    __libspace_start                         0x2000012c   Data          96  libspace.o(.bss)
    __temporary_stack_top$libspace           0x2000018c   Data           0  libspace.o(.bss)



==============================================================================

Memory Map of the image

  Image Entry point : 0x080000ed

  Load Region LR_IROM1 (Base: 0x08000000, Size: 0x00003a6c, Max: 0x00010000, ABSOLUTE)

    Execution Region ER_IROM1 (Base: 0x08000000, Size: 0x00003a40, Max: 0x00010000, ABSOLUTE)

    Base Addr    Size         Type   Attr      Idx    E Section Name        Object

    0x08000000   0x000000ec   Data   RO           19    RESET               startup_stm32f10x_md.o
    0x080000ec   0x00000008   Code   RO         4159  * !!!main             c_w.l(__main.o)
    0x080000f4   0x00000034   Code   RO         4354    !!!scatter          c_w.l(__scatter.o)
    0x08000128   0x0000001a   Code   RO         4356    !!handler_copy      c_w.l(__scatter_copy.o)
    0x08000142   0x00000002   PAD
    0x08000144   0x0000001c   Code   RO         4358    !!handler_zi        c_w.l(__scatter_zi.o)
    0x08000160   0x00000000   Code   RO         4146    .ARM.Collect$$_printf_percent$$00000000  c_w.l(_printf_percent.o)
    0x08000160   0x00000006   Code   RO         4145    .ARM.Collect$$_printf_percent$$0000000A  c_w.l(_printf_u.o)
    0x08000166   0x00000006   Code   RO         4143    .ARM.Collect$$_printf_percent$$00000013  c_w.l(_printf_c.o)
    0x0800016c   0x00000006   Code   RO         4144    .ARM.Collect$$_printf_percent$$00000014  c_w.l(_printf_s.o)
    0x08000172   0x00000004   Code   RO         4181    .ARM.Collect$$_printf_percent$$00000017  c_w.l(_printf_percent_end.o)
    0x08000176   0x00000002   Code   RO         4233    .ARM.Collect$$libinit$$00000000  c_w.l(libinit.o)
    0x08000178   0x00000000   Code   RO         4235    .ARM.Collect$$libinit$$00000002  c_w.l(libinit2.o)
    0x08000178   0x00000000   Code   RO         4237    .ARM.Collect$$libinit$$00000004  c_w.l(libinit2.o)
    0x08000178   0x00000000   Code   RO         4240    .ARM.Collect$$libinit$$0000000A  c_w.l(libinit2.o)
    0x08000178   0x00000000   Code   RO         4242    .ARM.Collect$$libinit$$0000000C  c_w.l(libinit2.o)
    0x08000178   0x00000000   Code   RO         4244    .ARM.Collect$$libinit$$0000000E  c_w.l(libinit2.o)
    0x08000178   0x00000006   Code   RO         4245    .ARM.Collect$$libinit$$0000000F  c_w.l(libinit2.o)
    0x0800017e   0x00000000   Code   RO         4247    .ARM.Collect$$libinit$$00000011  c_w.l(libinit2.o)
    0x0800017e   0x0000000c   Code   RO         4248    .ARM.Collect$$libinit$$00000012  c_w.l(libinit2.o)
    0x0800018a   0x00000000   Code   RO         4249    .ARM.Collect$$libinit$$00000013  c_w.l(libinit2.o)
    0x0800018a   0x00000000   Code   RO         4251    .ARM.Collect$$libinit$$00000015  c_w.l(libinit2.o)
    0x0800018a   0x00000000   Code   RO         4253    .ARM.Collect$$libinit$$00000017  c_w.l(libinit2.o)
    0x0800018a   0x00000000   Code   RO         4255    .ARM.Collect$$libinit$$00000019  c_w.l(libinit2.o)
    0x0800018a   0x00000000   Code   RO         4257    .ARM.Collect$$libinit$$0000001B  c_w.l(libinit2.o)
    0x0800018a   0x00000000   Code   RO         4259    .ARM.Collect$$libinit$$0000001D  c_w.l(libinit2.o)
    0x0800018a   0x00000000   Code   RO         4261    .ARM.Collect$$libinit$$0000001F  c_w.l(libinit2.o)
    0x0800018a   0x00000000   Code   RO         4263    .ARM.Collect$$libinit$$00000021  c_w.l(libinit2.o)
    0x0800018a   0x00000000   Code   RO         4265    .ARM.Collect$$libinit$$00000023  c_w.l(libinit2.o)
    0x0800018a   0x00000000   Code   RO         4267    .ARM.Collect$$libinit$$00000025  c_w.l(libinit2.o)
    0x0800018a   0x00000000   Code   RO         4271    .ARM.Collect$$libinit$$0000002C  c_w.l(libinit2.o)
    0x0800018a   0x00000000   Code   RO         4273    .ARM.Collect$$libinit$$0000002E  c_w.l(libinit2.o)
    0x0800018a   0x00000000   Code   RO         4275    .ARM.Collect$$libinit$$00000030  c_w.l(libinit2.o)
    0x0800018a   0x00000000   Code   RO         4277    .ARM.Collect$$libinit$$00000032  c_w.l(libinit2.o)
    0x0800018a   0x00000002   Code   RO         4278    .ARM.Collect$$libinit$$00000033  c_w.l(libinit2.o)
    0x0800018c   0x00000002   Code   RO         4306    .ARM.Collect$$libshutdown$$00000000  c_w.l(libshutdown.o)
    0x0800018e   0x00000000   Code   RO         4315    .ARM.Collect$$libshutdown$$00000002  c_w.l(libshutdown2.o)
    0x0800018e   0x00000000   Code   RO         4317    .ARM.Collect$$libshutdown$$00000004  c_w.l(libshutdown2.o)
    0x0800018e   0x00000000   Code   RO         4320    .ARM.Collect$$libshutdown$$00000007  c_w.l(libshutdown2.o)
    0x0800018e   0x00000000   Code   RO         4323    .ARM.Collect$$libshutdown$$0000000A  c_w.l(libshutdown2.o)
    0x0800018e   0x00000000   Code   RO         4325    .ARM.Collect$$libshutdown$$0000000C  c_w.l(libshutdown2.o)
    0x0800018e   0x00000000   Code   RO         4328    .ARM.Collect$$libshutdown$$0000000F  c_w.l(libshutdown2.o)
    0x0800018e   0x00000002   Code   RO         4329    .ARM.Collect$$libshutdown$$00000010  c_w.l(libshutdown2.o)
    0x08000190   0x00000000   Code   RO         4161    .ARM.Collect$$rtentry$$00000000  c_w.l(__rtentry.o)
    0x08000190   0x00000000   Code   RO         4190    .ARM.Collect$$rtentry$$00000002  c_w.l(__rtentry2.o)
    0x08000190   0x00000006   Code   RO         4202    .ARM.Collect$$rtentry$$00000004  c_w.l(__rtentry4.o)
    0x08000196   0x00000000   Code   RO         4192    .ARM.Collect$$rtentry$$00000009  c_w.l(__rtentry2.o)
    0x08000196   0x00000004   Code   RO         4193    .ARM.Collect$$rtentry$$0000000A  c_w.l(__rtentry2.o)
    0x0800019a   0x00000000   Code   RO         4195    .ARM.Collect$$rtentry$$0000000C  c_w.l(__rtentry2.o)
    0x0800019a   0x00000008   Code   RO         4196    .ARM.Collect$$rtentry$$0000000D  c_w.l(__rtentry2.o)
    0x080001a2   0x00000002   Code   RO         4279    .ARM.Collect$$rtexit$$00000000  c_w.l(rtexit.o)
    0x080001a4   0x00000000   Code   RO         4286    .ARM.Collect$$rtexit$$00000002  c_w.l(rtexit2.o)
    0x080001a4   0x00000004   Code   RO         4287    .ARM.Collect$$rtexit$$00000003  c_w.l(rtexit2.o)
    0x080001a8   0x00000006   Code   RO         4288    .ARM.Collect$$rtexit$$00000004  c_w.l(rtexit2.o)
    0x080001ae   0x00000002   PAD
    0x080001b0   0x00000040   Code   RO           20    .text               startup_stm32f10x_md.o
    0x080001f0   0x00000002   Code   RO         4101    .text               c_w.l(use_no_semi.o)
    0x080001f2   0x00000002   PAD
    0x080001f4   0x00000018   Code   RO         4103    .text               c_w.l(__2printf.o)
    0x0800020c   0x0000002c   Code   RO         4105    .text               c_w.l(__2sprintf.o)
    0x08000238   0x00000038   Code   RO         4107    .text               c_w.l(__2snprintf.o)
    0x08000270   0x0000004e   Code   RO         4117    .text               c_w.l(_printf_pad.o)
    0x080002be   0x00000052   Code   RO         4119    .text               c_w.l(_printf_str.o)
    0x08000310   0x00000078   Code   RO         4121    .text               c_w.l(_printf_dec.o)
    0x08000388   0x00000188   Code   RO         4140    .text               c_w.l(__printf_flags_ss_wp.o)
    0x08000510   0x00000072   Code   RO         4147    .text               c_w.l(strtoul.o)
    0x08000582   0x00000024   Code   RO         4149    .text               c_w.l(strstr.o)
    0x080005a6   0x00000048   Code   RO         4151    .text               c_w.l(strcpy.o)
    0x080005ee   0x0000003e   Code   RO         4153    .text               c_w.l(strlen.o)
    0x0800062c   0x00000010   Code   RO         4155    .text               c_w.l(aeabi_memset.o)
    0x0800063c   0x00000006   Code   RO         4157    .text               c_w.l(heapauxi.o)
    0x08000642   0x00000002   PAD
    0x08000644   0x00000010   Code   RO         4162    .text               c_w.l(rt_ctype_table.o)
    0x08000654   0x00000008   Code   RO         4167    .text               c_w.l(rt_errno_addr_intlibspace.o)
    0x0800065c   0x000000b2   Code   RO         4169    .text               c_w.l(_printf_intcommon.o)
    0x0800070e   0x00000002   PAD
    0x08000710   0x00000030   Code   RO         4171    .text               c_w.l(_printf_char_common.o)
    0x08000740   0x0000000a   Code   RO         4173    .text               c_w.l(_sputc.o)
    0x0800074a   0x00000010   Code   RO         4175    .text               c_w.l(_snputc.o)
    0x0800075a   0x0000002c   Code   RO         4177    .text               c_w.l(_printf_char.o)
    0x08000786   0x00000002   PAD
    0x08000788   0x00000024   Code   RO         4179    .text               c_w.l(_printf_char_file.o)
    0x080007ac   0x0000009e   Code   RO         4182    .text               c_w.l(_strtoul.o)
    0x0800084a   0x00000044   Code   RO         4184    .text               c_w.l(rt_memclr.o)
    0x0800088e   0x00000002   PAD
    0x08000890   0x00000008   Code   RO         4186    .text               c_w.l(libspace.o)
    0x08000898   0x00000008   Code   RO         4207    .text               c_w.l(rt_locale_intlibspace.o)
    0x080008a0   0x0000001c   Code   RO         4211    .text               c_w.l(_chval.o)
    0x080008bc   0x00000008   Code   RO         4213    .text               c_w.l(ferror.o)
    0x080008c4   0x0000004e   Code   RO         4220    .text               c_w.l(rt_memclr_w.o)
    0x08000912   0x0000004a   Code   RO         4222    .text               c_w.l(sys_stackheap_outer.o)
    0x0800095c   0x00000012   Code   RO         4224    .text               c_w.l(exit.o)
    0x0800096e   0x00000002   PAD
    0x08000970   0x00000080   Code   RO         4226    .text               c_w.l(strcmpv7m.o)
    0x080009f0   0x00000004   Code   RO         4030    i.BusFault_Handler  stm32f10x_it.o
    0x080009f4   0x00000002   Code   RO         4031    i.DebugMon_Handler  stm32f10x_it.o
    0x080009f6   0x00000018   Code   RO         3196    i.Delay_ms          delay.o
    0x08000a0e   0x0000002e   Code   RO         3198    i.Delay_us          delay.o
    0x08000a3c   0x00000008   Code   RO         3220    i.ESP8266_ClearOverflowFlag  serial.o
    0x08000a44   0x00000008   Code   RO         3221    i.ESP8266_ClearRxBuffer  serial.o
    0x08000a4c   0x00000008   Code   RO         3222    i.ESP8266_ClearRxFlag  serial.o
    0x08000a54   0x0000000c   Code   RO         3227    i.ESP8266_ReadByte  serial.o
    0x08000a60   0x00000010   Code   RO         3228    i.ESP8266_SendBuffer  serial.o
    0x08000a70   0x0000000c   Code   RO         3230    i.ESP8266_SendString  serial.o
    0x08000a7c   0x00000008   Code   RO         3231    i.ESP8266_UART_Init  serial.o
    0x08000a84   0x00000008   Code   RO         3232    i.ESP8266_USART_IRQHandler  serial.o
    0x08000a8c   0x00000116   Code   RO         1347    i.GPIO_Init         stm32f10x_gpio.o
    0x08000ba2   0x00000012   Code   RO         1351    i.GPIO_ReadInputDataBit  stm32f10x_gpio.o
    0x08000bb4   0x00000004   Code   RO         1354    i.GPIO_ResetBits    stm32f10x_gpio.o
    0x08000bb8   0x00000004   Code   RO         1355    i.GPIO_SetBits      stm32f10x_gpio.o
    0x08000bbc   0x0000000a   Code   RO         1358    i.GPIO_WriteBit     stm32f10x_gpio.o
    0x08000bc6   0x00000004   Code   RO         4032    i.HardFault_Handler  stm32f10x_it.o
    0x08000bca   0x00000024   Code   RO         3630    i.Lock_Open         relay.o
    0x08000bee   0x00000002   PAD
    0x08000bf0   0x00000050   Code   RO         3955    i.LockerApp_BuildCodePreview  main.o
    0x08000c40   0x00000024   Code   RO         3956    i.LockerApp_GetKeyFromPress  main.o
    0x08000c64   0x00000040   Code   RO         3957    i.LockerApp_GetStateText  main.o
    0x08000ca4   0x00000012   Code   RO         3958    i.LockerApp_IsDigitKey  main.o
    0x08000cb6   0x00000040   Code   RO         3959    i.LockerApp_OledWriteLine  main.o
    0x08000cf6   0x00000002   PAD
    0x08000cf8   0x00000038   Code   RO         3960    i.LockerApp_PrintInputState  main.o
    0x08000d30   0x00000012   Code   RO         3961    i.LockerApp_ResetCode  main.o
    0x08000d42   0x00000002   PAD
    0x08000d44   0x000000f8   Code   RO         3962    i.LockerApp_UpdateDisplay  main.o
    0x08000e3c   0x0000002a   Code   RO         3724    i.LockerCloud_AppendByte  lockercloud.o
    0x08000e66   0x00000002   PAD
    0x08000e68   0x000000f8   Code   RO         3725    i.LockerCloud_ConfirmPickup  lockercloud.o
    0x08000f60   0x00000016   Code   RO         3727    i.LockerCloud_ConnectHotspot  lockercloud.o
    0x08000f76   0x00000002   PAD
    0x08000f78   0x00000388   Code   RO         3728    i.LockerCloud_ConnectHotspotInternal  lockercloud.o
    0x08001300   0x00000020   Code   RO         3729    i.LockerCloud_ContainsToken  lockercloud.o
    0x08001320   0x00000060   Code   RO         3730    i.LockerCloud_EnsureWifiReady  lockercloud.o
    0x08001380   0x000000d8   Code   RO         3731    i.LockerCloud_HttpPostJson  lockercloud.o
    0x08001458   0x000002f8   Code   RO         3732    i.LockerCloud_HttpPostJsonOnce  lockercloud.o
    0x08001750   0x0000001c   Code   RO         3733    i.LockerCloud_Init  lockercloud.o
    0x0800176c   0x00000194   Code   RO         3734    i.LockerCloud_IsHotspotConnected  lockercloud.o
    0x08001900   0x00000010   Code   RO         3735    i.LockerCloud_ParseBoolean  lockercloud.o
    0x08001910   0x00000048   Code   RO         3736    i.LockerCloud_ParseUint  lockercloud.o
    0x08001958   0x00000028   Code   RO         3737    i.LockerCloud_PrintResponse  lockercloud.o
    0x08001980   0x0000008c   Code   RO         3738    i.LockerCloud_ReadUntilToken  lockercloud.o
    0x08001a0c   0x00000032   Code   RO         3739    i.LockerCloud_SendCommandAndWait  lockercloud.o
    0x08001a3e   0x0000003e   Code   RO         3740    i.LockerCloud_SendDataAndWait  lockercloud.o
    0x08001a7c   0x00000108   Code   RO         3741    i.LockerCloud_VerifyPickupCode  lockercloud.o
    0x08001b84   0x00000040   Code   RO         3742    i.LockerCloud_WaitModuleReady  lockercloud.o
    0x08001bc4   0x00000004   Code   RO         4033    i.MemManage_Handler  stm32f10x_it.o
    0x08001bc8   0x00000002   Code   RO         4034    i.NMI_Handler       stm32f10x_it.o
    0x08001bca   0x00000002   PAD
    0x08001bcc   0x00000070   Code   RO          137    i.NVIC_Init         misc.o
    0x08001c3c   0x0000002a   Code   RO         3847    i.OLED_Clear        oled.o
    0x08001c66   0x00000002   PAD
    0x08001c68   0x00000050   Code   RO         3848    i.OLED_I2C_Init     oled.o
    0x08001cb8   0x00000054   Code   RO         3849    i.OLED_I2C_SendByte  oled.o
    0x08001d0c   0x00000034   Code   RO         3850    i.OLED_I2C_Start    oled.o
    0x08001d40   0x00000028   Code   RO         3851    i.OLED_I2C_Stop     oled.o
    0x08001d68   0x000000ae   Code   RO         3852    i.OLED_Init         oled.o
    0x08001e16   0x00000022   Code   RO         3854    i.OLED_SetCursor    oled.o
    0x08001e38   0x00000074   Code   RO         3856    i.OLED_ShowChar     oled.o
    0x08001eac   0x00000028   Code   RO         3860    i.OLED_ShowString   oled.o
    0x08001ed4   0x00000020   Code   RO         3861    i.OLED_WriteCommand  oled.o
    0x08001ef4   0x00000020   Code   RO         3862    i.OLED_WriteData    oled.o
    0x08001f14   0x00000002   Code   RO         4035    i.PendSV_Handler    stm32f10x_it.o
    0x08001f16   0x00000002   PAD
    0x08001f18   0x00000020   Code   RO         1775    i.RCC_APB1PeriphClockCmd  stm32f10x_rcc.o
    0x08001f38   0x00000020   Code   RO         1777    i.RCC_APB2PeriphClockCmd  stm32f10x_rcc.o
    0x08001f58   0x000000d4   Code   RO         1785    i.RCC_GetClocksFreq  stm32f10x_rcc.o
    0x0800202c   0x0000003c   Code   RO         3631    i.Relay_Init        relay.o
    0x08002068   0x00000014   Code   RO         3632    i.Relay_Off         relay.o
    0x0800207c   0x00000014   Code   RO         3633    i.Relay_On          relay.o
    0x08002090   0x00000002   Code   RO         4036    i.SVC_Handler       stm32f10x_it.o
    0x08002092   0x00000008   Code   RO         3233    i.Serial_DebugInit  serial.o
    0x0800209a   0x0000000c   Code   RO         3238    i.Serial_Init       serial.o
    0x080020a6   0x00000008   Code   RO           24    i.SetSysClock       system_stm32f10x.o
    0x080020ae   0x00000002   PAD
    0x080020b0   0x000000e0   Code   RO           25    i.SetSysClockTo72   system_stm32f10x.o
    0x08002190   0x00000002   Code   RO         4037    i.SysTick_Handler   stm32f10x_it.o
    0x08002192   0x00000002   PAD
    0x08002194   0x00000060   Code   RO           27    i.SystemInit        system_stm32f10x.o
    0x080021f4   0x0000000c   Code   RO         3667    i.TTP229_GetNewPress  ttp229.o
    0x08002200   0x00000040   Code   RO         3668    i.TTP229_Init       ttp229.o
    0x08002240   0x0000007c   Code   RO         3669    i.TTP229_ReadRaw    ttp229.o
    0x080022bc   0x00000020   Code   RO         3670    i.TTP229_SCL_OutputInit  ttp229.o
    0x080022dc   0x00000024   Code   RO         3671    i.TTP229_SDO_Input  ttp229.o
    0x08002300   0x00000024   Code   RO         3672    i.TTP229_SDO_Output  ttp229.o
    0x08002324   0x0000002c   Code   RO         3673    i.TTP229_Scan       ttp229.o
    0x08002350   0x0000003c   Code   RO         3432    i.USART1_DebugConfig  usart1.o
    0x0800238c   0x00000038   Code   RO         3433    i.USART1_DebugGPIO_Init  usart1.o
    0x080023c4   0x0000001c   Code   RO         3434    i.USART1_DebugInit  usart1.o
    0x080023e0   0x0000000c   Code   RO         3437    i.USART1_DebugSendByte  usart1.o
    0x080023ec   0x00000020   Code   RO         3439    i.USART1_SendByteBlocking  usart1.o
    0x0800240c   0x0000001c   Code   RO         3514    i.USART2_ESP8266_ClearOverflowFlag  usart2.o
    0x08002428   0x0000003c   Code   RO         3515    i.USART2_ESP8266_ClearRxBuffer  usart2.o
    0x08002464   0x0000001c   Code   RO         3516    i.USART2_ESP8266_ClearRxFlag  usart2.o
    0x08002480   0x0000003c   Code   RO         3517    i.USART2_ESP8266_Config  usart2.o
    0x080024bc   0x00000038   Code   RO         3518    i.USART2_ESP8266_GPIO_Init  usart2.o
    0x080024f4   0x00000074   Code   RO         3522    i.USART2_ESP8266_IRQHandler  usart2.o
    0x08002568   0x0000004c   Code   RO         3523    i.USART2_ESP8266_Init  usart2.o
    0x080025b4   0x00000060   Code   RO         3525    i.USART2_ESP8266_ReadByte  usart2.o
    0x08002614   0x00000022   Code   RO         3526    i.USART2_ESP8266_SendBuffer  usart2.o
    0x08002636   0x00000002   PAD
    0x08002638   0x00000020   Code   RO         3528    i.USART2_ESP8266_SendByteBlocking  usart2.o
    0x08002658   0x0000001c   Code   RO         3529    i.USART2_ESP8266_SendString  usart2.o
    0x08002674   0x0000000c   Code   RO         3530    i.USART2_EnterCritical  usart2.o
    0x08002680   0x0000000a   Code   RO         3531    i.USART2_ExitCritical  usart2.o
    0x0800268a   0x00000008   Code   RO         4038    i.USART2_IRQHandler  stm32f10x_it.o
    0x08002692   0x00000018   Code   RO         2960    i.USART_Cmd         stm32f10x_usart.o
    0x080026aa   0x0000001a   Code   RO         2963    i.USART_GetFlagStatus  stm32f10x_usart.o
    0x080026c4   0x0000004a   Code   RO         2966    i.USART_ITConfig    stm32f10x_usart.o
    0x0800270e   0x00000002   PAD
    0x08002710   0x000000d8   Code   RO         2967    i.USART_Init        stm32f10x_usart.o
    0x080027e8   0x00000008   Code   RO         2977    i.USART_SendData    stm32f10x_usart.o
    0x080027f0   0x00000018   Code   RO         2983    i.USART_StructInit  stm32f10x_usart.o
    0x08002808   0x00000004   Code   RO         4039    i.UsageFault_Handler  stm32f10x_it.o
    0x0800280c   0x0000000e   Code   RO         4133    i._is_digit         c_w.l(__printf_wp.o)
    0x0800281a   0x00000002   Code   RO         3440    i._sys_exit         usart1.o
    0x0800281c   0x0000001a   Code   RO         3443    i.fputc             usart1.o
    0x08002836   0x00000002   PAD
    0x08002838   0x000005c0   Code   RO         3963    i.main              main.o
    0x08002df8   0x0000002c   Code   RO         4218    locale$$code        c_w.l(lc_ctype_c.o)
    0x08002e24   0x000005f0   Data   RO         3863    .constdata          oled.o
    0x08003414   0x00000010   Data   RO         3964    .constdata          main.o
    0x08003424   0x00000011   Data   RO         4141    .constdata          c_w.l(__printf_flags_ss_wp.o)
    0x08003435   0x00000003   PAD
    0x08003438   0x00000157   Data   RO         3743    .conststring        lockercloud.o
    0x0800358f   0x00000001   PAD
    0x08003590   0x0000037e   Data   RO         3965    .conststring        main.o
    0x0800390e   0x00000002   PAD
    0x08003910   0x00000020   Data   RO         4352    Region$$Table       anon$$obj.o
    0x08003930   0x00000110   Data   RO         4217    locale$$data        c_w.l(lc_ctype_c.o)


    Execution Region RW_IRAM1 (Base: 0x20000000, Size: 0x00000790, Max: 0x00005000, ABSOLUTE)

    Base Addr    Size         Type   Attr      Idx    E Section Name        Object

    0x20000000   0x00000014   Data   RW         1805    .data               stm32f10x_rcc.o
    0x20000014   0x00000008   Data   RW         3444    .data               usart1.o
    0x2000001c   0x00000008   Data   RW         3533    .data               usart2.o
    0x20000024   0x00000006   Data   RW         3674    .data               ttp229.o
    0x2000002a   0x00000001   Data   RW         3744    .data               lockercloud.o
    0x2000002b   0x00000001   PAD
    0x2000002c   0x00000100   Zero   RW         3532    .bss                usart2.o
    0x2000012c   0x00000060   Zero   RW         4187    .bss                c_w.l(libspace.o)
    0x2000018c   0x00000004   PAD
    0x20000190   0x00000200   Zero   RW           18    HEAP                startup_stm32f10x_md.o
    0x20000390   0x00000400   Zero   RW           17    STACK               startup_stm32f10x_md.o


==============================================================================

Image component sizes


      Code (inc. data)   RO Data    RW Data    ZI Data      Debug   Object Name

         0          0          0          0          0       4532   core_cm3.o
        70          0          0          0          0        898   delay.o
      3460       1856        343          1          0      13484   lockercloud.o
      2056        844        910          0          0       6623   main.o
       112         12          0          0          0     204228   misc.o
       726         22       1520          0          0       6195   oled.o
       136         18          0          0          0       1820   relay.o
       100          0          0          0          0     222667   serial.o
        64         26        236          0       1536        776   startup_stm32f10x_md.o
       314          0          0          0          0      12276   stm32f10x_gpio.o
        34          0          0          0          0       4170   stm32f10x_it.o
       276         32          0         20          0      12910   stm32f10x_rcc.o
       372          6          0          0          0      11064   stm32f10x_usart.o
       328         28          0          0          0      18813   system_stm32f10x.o
       348         56          0          6          0       3697   ttp229.o
       216         12          0          8          0       5384   usart1.o
       636         92          0          8        256      22846   usart2.o

    ----------------------------------------------------------------------
      9274       3004       3044         44       1792     552383   Object Totals
         0          0         32          0          0          0   (incl. Generated)
        26          0          3          1          0          0   (incl. Padding)

    ----------------------------------------------------------------------

      Code (inc. data)   RO Data    RW Data    ZI Data      Debug   Library Member Name

        24          4          0          0          0         84   __2printf.o
        56          6          0          0          0         88   __2snprintf.o
        44          6          0          0          0         84   __2sprintf.o
         8          0          0          0          0         68   __main.o
       392          4         17          0          0         92   __printf_flags_ss_wp.o
        14          0          0          0          0         68   __printf_wp.o
         0          0          0          0          0          0   __rtentry.o
        12          0          0          0          0          0   __rtentry2.o
         6          0          0          0          0          0   __rtentry4.o
        52          8          0          0          0          0   __scatter.o
        26          0          0          0          0          0   __scatter_copy.o
        28          0          0          0          0          0   __scatter_zi.o
        28          0          0          0          0         68   _chval.o
         6          0          0          0          0          0   _printf_c.o
        44          0          0          0          0        108   _printf_char.o
        48          6          0          0          0         96   _printf_char_common.o
        36          4          0          0          0         80   _printf_char_file.o
       120         16          0          0          0         92   _printf_dec.o
       178          0          0          0          0         88   _printf_intcommon.o
        78          0          0          0          0        108   _printf_pad.o
         0          0          0          0          0          0   _printf_percent.o
         4          0          0          0          0          0   _printf_percent_end.o
         6          0          0          0          0          0   _printf_s.o
        82          0          0          0          0         80   _printf_str.o
         6          0          0          0          0          0   _printf_u.o
        16          0          0          0          0         68   _snputc.o
        10          0          0          0          0         68   _sputc.o
       158          0          0          0          0         92   _strtoul.o
        16          0          0          0          0         68   aeabi_memset.o
        18          0          0          0          0         80   exit.o
         8          0          0          0          0         68   ferror.o
         6          0          0          0          0        152   heapauxi.o
        44         10        272          0          0         76   lc_ctype_c.o
         2          0          0          0          0          0   libinit.o
        20          0          0          0          0          0   libinit2.o
         2          0          0          0          0          0   libshutdown.o
         2          0          0          0          0          0   libshutdown2.o
         8          4          0          0         96         68   libspace.o
        16          4          0          0          0         76   rt_ctype_table.o
         8          4          0          0          0         68   rt_errno_addr_intlibspace.o
         8          4          0          0          0         68   rt_locale_intlibspace.o
        68          0          0          0          0         68   rt_memclr.o
        78          0          0          0          0         80   rt_memclr_w.o
         2          0          0          0          0          0   rtexit.o
        10          0          0          0          0          0   rtexit2.o
       128          0          0          0          0         68   strcmpv7m.o
        72          0          0          0          0         80   strcpy.o
        62          0          0          0          0         76   strlen.o
        36          0          0          0          0         80   strstr.o
       114          0          0          0          0         92   strtoul.o
        74          0          0          0          0         80   sys_stackheap_outer.o
         2          0          0          0          0         68   use_no_semi.o

    ----------------------------------------------------------------------
      2302         80        292          0        100       2848   Library Totals
        16          0          3          0          4          0   (incl. Padding)

    ----------------------------------------------------------------------

      Code (inc. data)   RO Data    RW Data    ZI Data      Debug   Library Name

      2286         80        289          0         96       2848   c_w.l

    ----------------------------------------------------------------------
      2302         80        292          0        100       2848   Library Totals

    ----------------------------------------------------------------------

==============================================================================


      Code (inc. data)   RO Data    RW Data    ZI Data      Debug   

     11576       3084       3336         44       1892     548207   Grand Totals
     11576       3084       3336         44       1892     548207   ELF Image Totals
     11576       3084       3336         44          0          0   ROM Totals

==============================================================================

    Total RO  Size (Code + RO Data)                14912 (  14.56kB)
    Total RW  Size (RW Data + ZI Data)              1936 (   1.89kB)
    Total ROM Size (Code + RO Data + RW Data)      14956 (  14.61kB)

==============================================================================

